../Core/Src/main.c:118:13:FDCAN_Config	40	static
../Core/Src/main.c:150:6:HAL_FDCAN_RxFifo0Callback	24	static
../Core/Src/main.c:171:6:HAL_UART_RxCpltCallback	24	static
../Core/Src/main.c:199:6:HAL_TIM_PeriodElapsedCallback	16	static
../Core/Src/main.c:232:5:main	56	static
../Core/Src/main.c:393:6:SystemClock_Config	64	static
../Core/Src/main.c:432:13:MX_FDCAN1_Init	8	static
../Core/Src/main.c:475:13:MX_I2C1_Init	8	static
../Core/Src/main.c:523:13:MX_SPI1_Init	8	static
../Core/Src/main.c:563:13:MX_TIM16_Init	8	static
../Core/Src/main.c:595:13:MX_USART1_UART_Init	8	static
../Core/Src/main.c:643:13:MX_USART2_UART_Init	8	static
../Core/Src/main.c:677:13:MX_DMA_Init	16	static
../Core/Src/main.c:695:13:MX_GPIO_Init	48	static
../Core/Src/main.c:729:6:Error_Handler	8	static,ignoring_inline_asm
