Archive member included to satisfy reference by file (symbol)

C:/ST/STM32CubeIDE_1.19.0/STM32CubeIDE/plugins/com.st.stm32cube.ide.mcu.externaltools.gnu-tools-for-stm32.14.3.rel1.win32_1.0.100.202602081740/tools/bin/../lib/gcc/arm-none-eabi/14.3.1/../../../../arm-none-eabi/lib/thumb/v6-m/nofp\libc_nano.a(libc_a-exit.o)
                              C:/ST/STM32CubeIDE_1.19.0/STM32CubeIDE/plugins/com.st.stm32cube.ide.mcu.externaltools.gnu-tools-for-stm32.14.3.rel1.win32_1.0.100.202602081740/tools/bin/../lib/gcc/arm-none-eabi/14.3.1/../../../../arm-none-eabi/lib/thumb/v6-m/nofp/crt0.o (exit)
C:/ST/STM32CubeIDE_1.19.0/STM32CubeIDE/plugins/com.st.stm32cube.ide.mcu.externaltools.gnu-tools-for-stm32.14.3.rel1.win32_1.0.100.202602081740/tools/bin/../lib/gcc/arm-none-eabi/14.3.1/../../../../arm-none-eabi/lib/thumb/v6-m/nofp\libc_nano.a(libc_a-findfp.o)
                              C:/ST/STM32CubeIDE_1.19.0/STM32CubeIDE/plugins/com.st.stm32cube.ide.mcu.externaltools.gnu-tools-for-stm32.14.3.rel1.win32_1.0.100.202602081740/tools/bin/../lib/gcc/arm-none-eabi/14.3.1/../../../../arm-none-eabi/lib/thumb/v6-m/nofp\libc_nano.a(libc_a-exit.o) (__stdio_exit_handler)
C:/ST/STM32CubeIDE_1.19.0/STM32CubeIDE/plugins/com.st.stm32cube.ide.mcu.externaltools.gnu-tools-for-stm32.14.3.rel1.win32_1.0.100.202602081740/tools/bin/../lib/gcc/arm-none-eabi/14.3.1/../../../../arm-none-eabi/lib/thumb/v6-m/nofp\libc_nano.a(libc_a-fwalk.o)
                              C:/ST/STM32CubeIDE_1.19.0/STM32CubeIDE/plugins/com.st.stm32cube.ide.mcu.externaltools.gnu-tools-for-stm32.14.3.rel1.win32_1.0.100.202602081740/tools/bin/../lib/gcc/arm-none-eabi/14.3.1/../../../../arm-none-eabi/lib/thumb/v6-m/nofp\libc_nano.a(libc_a-findfp.o) (_fwalk_sglue)
C:/ST/STM32CubeIDE_1.19.0/STM32CubeIDE/plugins/com.st.stm32cube.ide.mcu.externaltools.gnu-tools-for-stm32.14.3.rel1.win32_1.0.100.202602081740/tools/bin/../lib/gcc/arm-none-eabi/14.3.1/../../../../arm-none-eabi/lib/thumb/v6-m/nofp\libc_nano.a(libc_a-stdio.o)
                              C:/ST/STM32CubeIDE_1.19.0/STM32CubeIDE/plugins/com.st.stm32cube.ide.mcu.externaltools.gnu-tools-for-stm32.14.3.rel1.win32_1.0.100.202602081740/tools/bin/../lib/gcc/arm-none-eabi/14.3.1/../../../../arm-none-eabi/lib/thumb/v6-m/nofp\libc_nano.a(libc_a-findfp.o) (__sread)
C:/ST/STM32CubeIDE_1.19.0/STM32CubeIDE/plugins/com.st.stm32cube.ide.mcu.externaltools.gnu-tools-for-stm32.14.3.rel1.win32_1.0.100.202602081740/tools/bin/../lib/gcc/arm-none-eabi/14.3.1/../../../../arm-none-eabi/lib/thumb/v6-m/nofp\libc_nano.a(libc_a-memset.o)
                              C:/ST/STM32CubeIDE_1.19.0/STM32CubeIDE/plugins/com.st.stm32cube.ide.mcu.externaltools.gnu-tools-for-stm32.14.3.rel1.win32_1.0.100.202602081740/tools/bin/../lib/gcc/arm-none-eabi/14.3.1/../../../../arm-none-eabi/lib/thumb/v6-m/nofp/crt0.o (memset)
C:/ST/STM32CubeIDE_1.19.0/STM32CubeIDE/plugins/com.st.stm32cube.ide.mcu.externaltools.gnu-tools-for-stm32.14.3.rel1.win32_1.0.100.202602081740/tools/bin/../lib/gcc/arm-none-eabi/14.3.1/../../../../arm-none-eabi/lib/thumb/v6-m/nofp\libc_nano.a(libc_a-closer.o)
                              C:/ST/STM32CubeIDE_1.19.0/STM32CubeIDE/plugins/com.st.stm32cube.ide.mcu.externaltools.gnu-tools-for-stm32.14.3.rel1.win32_1.0.100.202602081740/tools/bin/../lib/gcc/arm-none-eabi/14.3.1/../../../../arm-none-eabi/lib/thumb/v6-m/nofp\libc_nano.a(libc_a-stdio.o) (_close_r)
C:/ST/STM32CubeIDE_1.19.0/STM32CubeIDE/plugins/com.st.stm32cube.ide.mcu.externaltools.gnu-tools-for-stm32.14.3.rel1.win32_1.0.100.202602081740/tools/bin/../lib/gcc/arm-none-eabi/14.3.1/../../../../arm-none-eabi/lib/thumb/v6-m/nofp\libc_nano.a(libc_a-reent.o)
                              C:/ST/STM32CubeIDE_1.19.0/STM32CubeIDE/plugins/com.st.stm32cube.ide.mcu.externaltools.gnu-tools-for-stm32.14.3.rel1.win32_1.0.100.202602081740/tools/bin/../lib/gcc/arm-none-eabi/14.3.1/../../../../arm-none-eabi/lib/thumb/v6-m/nofp\libc_nano.a(libc_a-closer.o) (errno)
C:/ST/STM32CubeIDE_1.19.0/STM32CubeIDE/plugins/com.st.stm32cube.ide.mcu.externaltools.gnu-tools-for-stm32.14.3.rel1.win32_1.0.100.202602081740/tools/bin/../lib/gcc/arm-none-eabi/14.3.1/../../../../arm-none-eabi/lib/thumb/v6-m/nofp\libc_nano.a(libc_a-impure.o)
                              C:/ST/STM32CubeIDE_1.19.0/STM32CubeIDE/plugins/com.st.stm32cube.ide.mcu.externaltools.gnu-tools-for-stm32.14.3.rel1.win32_1.0.100.202602081740/tools/bin/../lib/gcc/arm-none-eabi/14.3.1/../../../../arm-none-eabi/lib/thumb/v6-m/nofp\libc_nano.a(libc_a-reent.o) (_impure_ptr)
C:/ST/STM32CubeIDE_1.19.0/STM32CubeIDE/plugins/com.st.stm32cube.ide.mcu.externaltools.gnu-tools-for-stm32.14.3.rel1.win32_1.0.100.202602081740/tools/bin/../lib/gcc/arm-none-eabi/14.3.1/../../../../arm-none-eabi/lib/thumb/v6-m/nofp\libc_nano.a(libc_a-lseekr.o)
[...]
Memory Configuration

Name             Origin             Length             Attributes
RAM              0x20000000         0x00007800         xrw
FLASH            0x08000000         0x00020000         xr
*default*        0x00000000         0xffffffff

Linker script and memory map

LOAD C:/ST/STM32CubeIDE_1.19.0/STM32CubeIDE/plugins/com.st.stm32cube.ide.mcu.externaltools.gnu-tools-for-stm32.14.3.rel1.win32_1.0.100.202602081740/tools/bin/../lib/gcc/arm-none-eabi/14.3.1/thumb/v6-m/nofp/crti.o
LOAD C:/ST/STM32CubeIDE_1.19.0/STM32CubeIDE/plugins/com.st.stm32cube.ide.mcu.externaltools.gnu-tools-for-stm32.14.3.rel1.win32_1.0.100.202602081740/tools/bin/../lib/gcc/arm-none-eabi/14.3.1/thumb/v6-m/nofp/crtbegin.o
LOAD C:/ST/STM32CubeIDE_1.19.0/STM32CubeIDE/plugins/com.st.stm32cube.ide.mcu.externaltools.gnu-tools-for-stm32.14.3.rel1.win32_1.0.100.202602081740/tools/bin/../lib/gcc/arm-none-eabi/14.3.1/../../../../arm-none-eabi/lib/thumb/v6-m/nofp/crt0.o
LOAD ./Core/Src/main.o
LOAD ./Core/Src/stm32c0xx_hal_msp.o
LOAD ./Core/Src/stm32c0xx_it.o
LOAD ./Core/Src/syscalls.o
LOAD ./Core/Src/sysmem.o
LOAD ./Core/Src/system_stm32c0xx.o
LOAD ./Core/Startup/startup_stm32c092fbpx.o
LOAD ./Drivers/STM32C0xx_HAL_Driver/Src/stm32c0xx_hal.o
LOAD ./Drivers/STM32C0xx_HAL_Driver/Src/stm32c0xx_hal_cortex.o
LOAD ./Drivers/STM32C0xx_HAL_Driver/Src/stm32c0xx_hal_dma.o
LOAD ./Drivers/STM32C0xx_HAL_Driver/Src/stm32c0xx_hal_dma_ex.o
LOAD ./Drivers/STM32C0xx_HAL_Driver/Src/stm32c0xx_hal_exti.o
LOAD ./Drivers/STM32C0xx_HAL_Driver/Src/stm32c0xx_hal_fdcan.o
LOAD ./Drivers/STM32C0xx_HAL_Driver/Src/stm32c0xx_hal_flash.o
LOAD ./Drivers/STM32C0xx_HAL_Driver/Src/stm32c0xx_hal_flash_ex.o
LOAD ./Drivers/STM32C0xx_HAL_Driver/Src/stm32c0xx_hal_gpio.o
LOAD ./Drivers/STM32C0xx_HAL_Driver/Src/stm32c0xx_hal_i2c.o
LOAD ./Drivers/STM32C0xx_HAL_Driver/Src/stm32c0xx_hal_i2c_ex.o
LOAD ./Drivers/STM32C0xx_HAL_Driver/Src/stm32c0xx_hal_pwr.o
LOAD ./Drivers/STM32C0xx_HAL_Driver/Src/stm32c0xx_hal_pwr_ex.o
LOAD ./Drivers/STM32C0xx_HAL_Driver/Src/stm32c0xx_hal_rcc.o
LOAD ./Drivers/STM32C0xx_HAL_Driver/Src/stm32c0xx_hal_rcc_ex.o
LOAD ./Drivers/STM32C0xx_HAL_Driver/Src/stm32c0xx_hal_spi.o
LOAD ./Drivers/STM32C0xx_HAL_Driver/Src/stm32c0xx_hal_spi_ex.o
LOAD ./Drivers/STM32C0xx_HAL_Driver/Src/stm32c0xx_hal_tim.o
LOAD ./Drivers/STM32C0xx_HAL_Driver/Src/stm32c0xx_hal_tim_ex.o
LOAD ./Drivers/STM32C0xx_HAL_Driver/Src/stm32c0xx_hal_uart.o
LOAD ./Drivers/STM32C0xx_HAL_Driver/Src/stm32c0xx_hal_uart_ex.o
START GROUP
LOAD C:/ST/STM32CubeIDE_1.19.0/STM32CubeIDE/plugins/com.st.stm32cube.ide.mcu.externaltools.gnu-tools-for-stm32.14.3.rel1.win32_1.0.100.202602081740/tools/bin/../lib/gcc/arm-none-eabi/14.3.1/../../../../arm-none-eabi/lib/thumb/v6-m/nofp\libc_nano.a
LOAD C:/ST/STM32CubeIDE_1.19.0/STM32CubeIDE/plugins/com.st.stm32cube.ide.mcu.externaltools.gnu-tools-for-stm32.14.3.rel1.win32_1.0.100.202602081740/tools/bin/../lib/gcc/arm-none-eabi/14.3.1/../../../../arm-none-eabi/lib/thumb/v6-m/nofp\libm.a
END GROUP
START GROUP
LOAD C:/ST/STM32CubeIDE_1.19.0/STM32CubeIDE/plugins/com.st.stm32cube.ide.mcu.externaltools.gnu-tools-for-stm32.14.3.rel1.win32_1.0.100.202602081740/tools/bin/../lib/gcc/arm-none-eabi/14.3.1/thumb/v6-m/nofp\libgcc.a
LOAD C:/ST/STM32CubeIDE_1.19.0/STM32CubeIDE/plugins/com.st.stm32cube.ide.mcu.externaltools.gnu-tools-for-stm32.14.3.rel1.win32_1.0.100.202602081740/tools/bin/../lib/gcc/arm-none-eabi/14.3.1/../../../../arm-none-eabi/lib/thumb/v6-m/nofp\libc_nano.a
END GROUP
START GROUP
LOAD C:/ST/STM32CubeIDE_1.19.0/STM32CubeIDE/plugins/com.st.stm32cube.ide.mcu.externaltools.gnu-tools-for-stm32.14.3.rel1.win32_1.0.100.202602081740/tools/bin/../lib/gcc/arm-none-eabi/14.3.1/thumb/v6-m/nofp\libgcc.a
LOAD C:/ST/STM32CubeIDE_1.19.0/STM32CubeIDE/plugins/com.st.stm32cube.ide.mcu.externaltools.gnu-tools-for-stm32.14.3.rel1.win32_1.0.100.202602081740/tools/bin/../lib/gcc/arm-none-eabi/14.3.1/../../../../arm-none-eabi/lib/thumb/v6-m/nofp\libc_nano.a
LOAD C:/ST/STM32CubeIDE_1.19.0/STM32CubeIDE/plugins/com.st.stm32cube.ide.mcu.externaltools.gnu-tools-for-stm32.14.3.rel1.win32_1.0.100.202602081740/tools/bin/../lib/gcc/arm-none-eabi/14.3.1/../../../../arm-none-eabi/lib/thumb/v6-m/nofp\libnosys.a
END GROUP
START GROUP
LOAD C:/ST/STM32CubeIDE_1.19.0/STM32CubeIDE/plugins/com.st.stm32cube.ide.mcu.externaltools.gnu-tools-for-stm32.14.3.rel1.win32_1.0.100.202602081740/tools/bin/../lib/gcc/arm-none-eabi/14.3.1/thumb/v6-m/nofp\libgcc.a
LOAD C:/ST/STM32CubeIDE_1.19.0/STM32CubeIDE/plugins/com.st.stm32cube.ide.mcu.externaltools.gnu-tools-for-stm32.14.3.rel1.win32_1.0.100.202602081740/tools/bin/../lib/gcc/arm-none-eabi/14.3.1/../../../../arm-none-eabi/lib/thumb/v6-m/nofp\libc_nano.a
LOAD C:/ST/STM32CubeIDE_1.19.0/STM32CubeIDE/plugins/com.st.stm32cube.ide.mcu.externaltools.gnu-tools-for-stm32.14.3.rel1.win32_1.0.100.202602081740/tools/bin/../lib/gcc/arm-none-eabi/14.3.1/../../../../arm-none-eabi/lib/thumb/v6-m/nofp\libnosys.a
END GROUP
LOAD C:/ST/STM32CubeIDE_1.19.0/STM32CubeIDE/plugins/com.st.stm32cube.ide.mcu.externaltools.gnu-tools-for-stm32.14.3.rel1.win32_1.0.100.202602081740/tools/bin/../lib/gcc/arm-none-eabi/14.3.1/thumb/v6-m/nofp/crtend.o
LOAD C:/ST/STM32CubeIDE_1.19.0/STM32CubeIDE/plugins/com.st.stm32cube.ide.mcu.externaltools.gnu-tools-for-stm32.14.3.rel1.win32_1.0.100.202602081740/tools/bin/../lib/gcc/arm-none-eabi/14.3.1/thumb/v6-m/nofp/crtn.o
                0x20007800                        _estack = (ORIGIN (RAM) + LENGTH (RAM))
                0x00000200                        _Min_Heap_Size = 0x200
                0x00000400                        _Min_Stack_Size = 0x400

.isr_vector     0x08000000       0xc0
                0x08000000                        . = ALIGN (0x4)
 *(.isr_vector)
 .isr_vector    0x08000000       0xc0 ./Core/Startup/startup_stm32c092fbpx.o
                0x08000000                g_pfnVectors
                0x080000c0                        . = ALIGN (0x4)

.text           0x080000c0     0x8d08
                0x080000c0                        . = ALIGN (0x4)
 *(.text)
 .text          0x080000c0       0x48 C:/ST/STM32CubeIDE_1.19.0/STM32CubeIDE/plugins/com.st.stm32cube.ide.mcu.externaltools.gnu-tools-for-stm32.14.3.rel1.win32_1.0.100.202602081740/tools/bin/../lib/gcc/arm-none-eabi/14.3.1/thumb/v6-m/nofp/crtbegin.o
 .text          0x08000108      0x114 C:/ST/STM32CubeIDE_1.19.0/STM32CubeIDE/plugins/com.st.stm32cube.ide.mcu.externaltools.gnu-tools-for-stm32.14.3.rel1.win32_1.0.100.202602081740/tools/bin/../lib/gcc/arm-none-eabi/14.3.1/thumb/v6-m/nofp\libgcc.a(_udivsi3.o)
                0x08000108                __aeabi_uidiv
                0x08000108                __udivsi3
                0x08000214                __aeabi_uidivmod
 .text          0x0800021c      0x1d4 C:/ST/STM32CubeIDE_1.19.0/STM32CubeIDE/plugins/com.st.stm32cube.ide.mcu.externaltools.gnu-tools-for-stm32.14.3.rel1.win32_1.0.100.202602081740/tools/bin/../lib/gcc/arm-none-eabi/14.3.1/thumb/v6-m/nofp\libgcc.a(_divsi3.o)
                0x0800021c                __divsi3
                0x0800021c                __aeabi_idiv
                0x080003e8                __aeabi_idivmod
 .text          0x080003f0        0x4 C:/ST/STM32CubeIDE_1.19.0/STM32CubeIDE/plugins/com.st.stm32cube.ide.mcu.externaltools.gnu-tools-for-stm32.14.3.rel1.win32_1.0.100.202602081740/tools/bin/../lib/gcc/arm-none-eabi/14.3.1/thumb/v6-m/nofp\libgcc.a(_dvmd_tls.o)
                0x080003f0                __aeabi_idiv0
                0x080003f0                __aeabi_ldiv0
 .text          0x080003f4       0x7c C:/ST/STM32CubeIDE_1.19.0/STM32CubeIDE/plugins/com.st.stm32cube.ide.mcu.externaltools.gnu-tools-for-stm32.14.3.rel1.win32_1.0.100.202602081740/tools/bin/../lib/gcc/arm-none-eabi/14.3.1/thumb/v6-m/nofp\libgcc.a(_arm_cmpdf2.o)
                0x080003f4                __aeabi_cdrcmple
                0x08000404                __aeabi_cdcmple
                0x08000404                __aeabi_cdcmpeq
                0x08000414                __aeabi_dcmpeq
                0x08000420                __aeabi_dcmplt
                0x08000434                __aeabi_dcmple
                0x08000448                __aeabi_dcmpgt
                0x0800045c                __aeabi_dcmpge
 .text          0x08000470       0x74 C:/ST/STM32CubeIDE_1.19.0/STM32CubeIDE/plugins/com.st.stm32cube.ide.mcu.externaltools.gnu-tools-for-stm32.14.3.rel1.win32_1.0.100.202602081740/tools/bin/../lib/gcc/arm-none-eabi/14.3.1/thumb/v6-m/nofp\libgcc.a(_arm_cmpsf2.o)
                0x08000470                __aeabi_cfrcmple
                0x08000478                __aeabi_cfcmpeq
                0x08000478                __aeabi_cfcmple
                0x08000488                __aeabi_fcmpeq
                0x08000494                __aeabi_fcmplt
                0x080004a8                __aeabi_fcmple
                0x080004bc                __aeabi_fcmpgt
                0x080004d0                __aeabi_fcmpge
 .text          0x080004e4       0x30 C:/ST/STM32CubeIDE_1.19.0/STM32CubeIDE/plugins/com.st.stm32cube.ide.mcu.externaltools.gnu-tools-for-stm32.14.3.rel1.win32_1.0.100.202602081740/tools/bin/../lib/gcc/arm-none-eabi/14.3.1/thumb/v6-m/nofp\libgcc.a(_fixunssfsi.o)
                0x080004e4                __fixunssfsi
                0x080004e4                __aeabi_f2uiz
 .text          0x08000514      0x41c C:/ST/STM32CubeIDE_1.19.0/STM32CubeIDE/plugins/com.st.stm32cube.ide.mcu.externaltools.gnu-tools-for-stm32.14.3.rel1.win32_1.0.100.202602081740/tools/bin/../lib/gcc/arm-none-eabi/14.3.1/thumb/v6-m/nofp\libgcc.a(addsf3.o)
                0x08000514                __aeabi_fadd
 .text          0x08000930      0x22c C:/ST/STM32CubeIDE_1.19.0/STM32CubeIDE/plugins/com.st.stm32cube.ide.mcu.externaltools.gnu-tools-for-stm32.14.3.rel1.win32_1.0.100.202602081740/tools/bin/../lib/gcc/arm-none-eabi/14.3.1/thumb/v6-m/nofp\libgcc.a(divsf3.o)
                0x08000930                __aeabi_fdiv
 .text          0x08000b5c       0x50 C:/ST/STM32CubeIDE_1.19.0/STM32CubeIDE/plugins/com.st.stm32cube.ide.mcu.externaltools.gnu-tools-for-stm32.14.3.rel1.win32_1.0.100.202602081740/tools/bin/../lib/gcc/arm-none-eabi/14.3.1/thumb/v6-m/nofp\libgcc.a(eqsf2.o)
                0x08000b5c                __eqsf2
                0x08000b5c                __nesf2
 .text          0x08000bac       0x90 C:/ST/STM32CubeIDE_1.19.0/STM32CubeIDE/plugins/com.st.stm32cube.ide.mcu.externaltools.gnu-tools-for-stm32.14.3.rel1.win32_1.0.100.202602081740/tools/bin/../lib/gcc/arm-none-eabi/14.3.1/thumb/v6-m/nofp\libgcc.a(gesf2.o)
                0x08000bac                __gesf2
                0x08000bac                __gtsf2
 .text          0x08000c3c       0x90 C:/ST/STM32CubeIDE_1.19.0/STM32CubeIDE/plugins/com.st.stm32cube.ide.mcu.externaltools.gnu-tools-for-stm32.14.3.rel1.win32_1.0.100.202602081740/tools/bin/../lib/gcc/arm-none-eabi/14.3.1/thumb/v6-m/nofp\libgcc.a(lesf2.o)
                0x08000c3c                __ltsf2
                0x08000c3c                __lesf2
 .text          0x08000ccc      0x2a4 C:/ST/STM32CubeIDE_1.19.0/STM32CubeIDE/plugins/com.st.stm32cube.ide.mcu.externaltools.gnu-tools-for-stm32.14.3.rel1.win32_1.0.100.202602081740/tools/bin/../lib/gcc/arm-none-eabi/14.3.1/thumb/v6-m/nofp\libgcc.a(mulsf3.o)
                0x08000ccc                __aeabi_fmul
 .text          0x08000f70      0x484 C:/ST/STM32CubeIDE_1.19.0/STM32CubeIDE/plugins/com.st.stm32cube.ide.mcu.externaltools.gnu-tools-for-stm32.14.3.rel1.win32_1.0.100.202602081740/tools/bin/../lib/gcc/arm-none-eabi/14.3.1/thumb/v6-m/nofp\libgcc.a(subsf3.o)
                0x08000f70                __aeabi_fsub
 .text          0x080013f4       0x40 C:/ST/STM32CubeIDE_1.19.0/STM32CubeIDE/plugins/com.st.stm32cube.ide.mcu.externaltools.gnu-tools-for-stm32.14.3.rel1.win32_1.0.100.202602081740/tools/bin/../lib/gcc/arm-none-eabi/14.3.1/thumb/v6-m/nofp\libgcc.a(fixsfsi.o)
                0x080013f4                __aeabi_f2iz
 .text          0x08001434       0xa0 C:/ST/STM32CubeIDE_1.19.0/STM32CubeIDE/plugins/com.st.stm32cube.ide.mcu.externaltools.gnu-tools-for-stm32.14.3.rel1.win32_1.0.100.202602081740/tools/bin/../lib/gcc/arm-none-eabi/14.3.1/thumb/v6-m/nofp\libgcc.a(floatsisf.o)
                0x08001434                __aeabi_i2f
 .text          0x080014d4      0x834 C:/ST/STM32CubeIDE_1.19.0/STM32CubeIDE/plugins/com.st.stm32cube.ide.mcu.externaltools.gnu-tools-for-stm32.14.3.rel1.win32_1.0.100.202602081740/tools/bin/../lib/gcc/arm-none-eabi/14.3.1/thumb/v6-m/nofp\libgcc.a(adddf3.o)
                0x080014d4                __aeabi_dadd
 .text          0x08001d08       0x8c C:/ST/STM32CubeIDE_1.19.0/STM32CubeIDE/plugins/com.st.stm32cube.ide.mcu.externaltools.gnu-tools-for-stm32.14.3.rel1.win32_1.0.100.202602081740/tools/bin/../lib/gcc/arm-none-eabi/14.3.1/thumb/v6-m/nofp\libgcc.a(eqdf2.o)
                0x08001d08                __nedf2
                0x08001d08                __eqdf2
 .text          0x08001d94       0xe0 C:/ST/STM32CubeIDE_1.19.0/STM32CubeIDE/plugins/com.st.stm32cube.ide.mcu.externaltools.gnu-tools-for-stm32.14.3.rel1.win32_1.0.100.202602081740/tools/bin/../lib/gcc/arm-none-eabi/14.3.1/thumb/v6-m/nofp\libgcc.a(gedf2.o)
                0x08001d94                __gedf2
                0x08001d94                __gtdf2
 .text          0x08001e74       0xdc C:/ST/STM32CubeIDE_1.19.0/STM32CubeIDE/plugins/com.st.stm32cube.ide.mcu.externaltools.gnu-tools-for-stm32.14.3.rel1.win32_1.0.100.202602081740/tools/bin/../lib/gcc/arm-none-eabi/14.3.1/thumb/v6-m/nofp\libgcc.a(ledf2.o)
                0x08001e74                __ledf2
                0x08001e74                __ltdf2
 .text          0x08001f50       0x90 C:/ST/STM32CubeIDE_1.19.0/STM32CubeIDE/plugins/com.st.stm32cube.ide.mcu.externaltools.gnu-tools-for-stm32.14.3.rel1.win32_1.0.100.202602081740/tools/bin/../lib/gcc/arm-none-eabi/14.3.1/thumb/v6-m/nofp\libgcc.a(extendsfdf2.o)
                0x08001f50                __aeabi_f2d
 .text          0x08001fe0      0x110 C:/ST/STM32CubeIDE_1.19.0/STM32CubeIDE/plugins/com.st.stm32cube.ide.mcu.externaltools.gnu-tools-for-stm32.14.3.rel1.win32_1.0.100.202602081740/tools/bin/../lib/gcc/arm-none-eabi/14.3.1/thumb/v6-m/nofp\libgcc.a(truncdfsf2.o)
                0x08001fe0                __aeabi_d2f
 .text          0x080020f0       0x3c C:/ST/STM32CubeIDE_1.19.0/STM32CubeIDE/plugins/com.st.stm32cube.ide.mcu.externaltools.gnu-tools-for-stm32.14.3.rel1.win32_1.0.100.202602081740/tools/bin/../lib/gcc/arm-none-eabi/14.3.1/thumb/v6-m/nofp\libgcc.a(_clzsi2.o)
                0x080020f0                __clzsi2
 *(.text*)
 .text.FDCAN_Config
                0x0800212c       0xcc ./Core/Src/main.o
 .text.HAL_FDCAN_RxFifo0Callback
                0x080021f8       0xa8 ./Core/Src/main.o
                0x080021f8                HAL_FDCAN_RxFifo0Callback
 .text.HAL_UART_RxCpltCallback
                0x080022a0      0x14c ./Core/Src/main.o
                0x080022a0                HAL_UART_RxCpltCallback
 .text.HAL_TIM_PeriodElapsedCallback
                0x080023ec       0x58 ./Core/Src/main.o
                0x080023ec                HAL_TIM_PeriodElapsedCallback
 .text.main     0x08002444      0x3e4 ./Core/Src/main.o
                0x08002444                main
 .text.SystemClock_Config
                0x08002828       0x98 ./Core/Src/main.o
                0x08002828                SystemClock_Config
 .text.MX_FDCAN1_Init
                0x080028c0       0x90 ./Core/Src/main.o
 .text.MX_I2C1_Init
                0x08002950       0x80 ./Core/Src/main.o
 .text.MX_SPI1_Init
                0x080029d0       0x7c ./Core/Src/main.o
 .text.MX_TIM16_Init
                0x08002a4c       0x50 ./Core/Src/main.o
 .text.MX_USART1_UART_Init
                0x08002a9c       0x9c ./Core/Src/main.o
 .text.MX_USART2_UART_Init
                0x08002b38       0x68 ./Core/Src/main.o
 .text.MX_DMA_Init
                0x08002ba0       0x3c ./Core/Src/main.o
 .text.MX_GPIO_Init
                0x08002bdc       0x88 ./Core/Src/main.o
 .text.Error_Handler
                0x08002c64        0xc ./Core/Src/main.o
                0x08002c64                Error_Handler
 .text.HAL_MspInit
                0x08002c70       0x48 ./Core/Src/stm32c0xx_hal_msp.o
                0x08002c70                HAL_MspInit
 .text.HAL_FDCAN_MspInit
                0x08002cb8       0xd4 ./Core/Src/stm32c0xx_hal_msp.o
                0x08002cb8                HAL_FDCAN_MspInit
 .text.HAL_I2C_MspInit
                0x08002d8c       0xc4 ./Core/Src/stm32c0xx_hal_msp.o
                0x08002d8c                HAL_I2C_MspInit
 .text.HAL_SPI_MspInit
                0x08002e50       0xf0 ./Core/Src/stm32c0xx_hal_msp.o
                0x08002e50                HAL_SPI_MspInit
 .text.HAL_TIM_Base_MspInit
                0x08002f40       0x50 ./Core/Src/stm32c0xx_hal_msp.o
                0x08002f40                HAL_TIM_Base_MspInit
 .text.HAL_UART_MspInit
                0x08002f90      0x19c ./Core/Src/stm32c0xx_hal_msp.o
                0x08002f90                HAL_UART_MspInit
 .text.NMI_Handler
                0x0800312c        0x8 ./Core/Src/stm32c0xx_it.o
                0x0800312c                NMI_Handler
 .text.HardFault_Handler
                0x08003134        0x8 ./Core/Src/stm32c0xx_it.o
                0x08003134                HardFault_Handler
 .text.SVC_Handler
                0x0800313c        0xa ./Core/Src/stm32c0xx_it.o
                0x0800313c                SVC_Handler
 .text.PendSV_Handler
                0x08003146        0xa ./Core/Src/stm32c0xx_it.o
                0x08003146                PendSV_Handler
 .text.SysTick_Handler
                0x08003150        0xe ./Core/Src/stm32c0xx_it.o
                0x08003150                SysTick_Handler
 *fill*         0x0800315e        0x2 
 .text.DMA1_Channel1_IRQHandler
                0x08003160       0x18 ./Core/Src/stm32c0xx_it.o
                0x08003160                DMA1_Channel1_IRQHandler
 .text.TIM16_IRQHandler
                0x08003178       0x18 ./Core/Src/stm32c0xx_it.o
                0x08003178                TIM16_IRQHandler
 .text.USART1_IRQHandler
                0x08003190       0x18 ./Core/Src/stm32c0xx_it.o
                0x08003190                USART1_IRQHandler
 .text.FDCAN1_IT0_IRQHandler
                0x080031a8       0x18 ./Core/Src/stm32c0xx_it.o
                0x080031a8                FDCAN1_IT0_IRQHandler
 .text.SystemInit
                0x080031c0       0x18 ./Core/Src/system_stm32c0xx.o
                0x080031c0                SystemInit
 .text.Reset_Handler
                0x080031d8       0x50 ./Core/Startup/startup_stm32c092fbpx.o
                0x080031d8                Reset_Handler
 .text.Default_Handler
                0x08003228        0x2 ./Core/Startup/startup_stm32c092fbpx.o
                0x08003228                TIM1_CC_IRQHandler
                0x08003228                I2C1_IRQHandler
                0x08003228                FDCAN1_IT1_IRQHandler
                0x08003228                SPI1_IRQHandler
                0x08003228                USART3_4_IRQHandler
                0x08003228                EXTI2_3_IRQHandler
                0x08003228                ADC1_IRQHandler
                0x08003228                I2C2_IRQHandler
                0x08003228                TIM17_IRQHandler
                0x08003228                RTC_IRQHandler
                0x08003228                TIM3_IRQHandler
                0x08003228                EXTI4_15_IRQHandler
                0x08003228                RCC_IRQHandler
                0x08003228                Default_Handler
                0x08003228                TIM14_IRQHandler
                0x08003228                TIM15_IRQHandler
                0x08003228                EXTI0_1_IRQHandler
                0x08003228                SPI2_IRQHandler
                0x08003228                WWDG_IRQHandler
                0x08003228                TIM2_IRQHandler
                0x08003228                DMA1_Channel2_3_IRQHandler
                0x08003228                DMAMUX1_DMA1_CH4_5_IRQHandler
                0x08003228                USART2_IRQHandler
                0x08003228                FLASH_IRQHandler
                0x08003228                TIM1_BRK_UP_TRG_COM_IRQHandler
 .text.HAL_Init
                0x0800322a       0x2e ./Drivers/STM32C0xx_HAL_Driver/Src/stm32c0xx_hal.o
                0x0800322a                HAL_Init
 .text.HAL_InitTick
                0x08003258       0x94 ./Drivers/STM32C0xx_HAL_Driver/Src/stm32c0xx_hal.o
                0x08003258                HAL_InitTick
 .text.HAL_IncTick
                0x080032ec       0x24 ./Drivers/STM32C0xx_HAL_Driver/Src/stm32c0xx_hal.o
                0x080032ec                HAL_IncTick
 .text.HAL_GetTick
                0x08003310       0x14 ./Drivers/STM32C0xx_HAL_Driver/Src/stm32c0xx_hal.o
                0x08003310                HAL_GetTick
 .text.__NVIC_EnableIRQ
                0x08003324       0x34 ./Drivers/STM32C0xx_HAL_Driver/Src/stm32c0xx_hal_cortex.o
 .text.__NVIC_SetPriority
                0x08003358       0xdc ./Drivers/STM32C0xx_HAL_Driver/Src/stm32c0xx_hal_cortex.o
 .text.SysTick_Config
                0x08003434       0x48 ./Drivers/STM32C0xx_HAL_Driver/Src/stm32c0xx_hal_cortex.o
 .text.HAL_NVIC_SetPriority
                0x0800347c       0x2a ./Drivers/STM32C0xx_HAL_Driver/Src/stm32c0xx_hal_cortex.o
                0x0800347c                HAL_NVIC_SetPriority
 .text.HAL_NVIC_EnableIRQ
                0x080034a6       0x20 ./Drivers/STM32C0xx_HAL_Driver/Src/stm32c0xx_hal_cortex.o
                0x080034a6                HAL_NVIC_EnableIRQ
 .text.HAL_SYSTICK_Config
                0x080034c6       0x1a ./Drivers/STM32C0xx_HAL_Driver/Src/stm32c0xx_hal_cortex.o
                0x080034c6                HAL_SYSTICK_Config
 .text.HAL_DMA_Init
                0x080034e0      0x114 ./Drivers/STM32C0xx_HAL_Driver/Src/stm32c0xx_hal_dma.o
                0x080034e0                HAL_DMA_Init
 .text.HAL_DMA_Abort
                0x080035f4       0xc4 ./Drivers/STM32C0xx_HAL_Driver/Src/stm32c0xx_hal_dma.o
                0x080035f4                HAL_DMA_Abort
 .text.HAL_DMA_Abort_IT
                0x080036b8       0xf4 ./Drivers/STM32C0xx_HAL_Driver/Src/stm32c0xx_hal_dma.o
                0x080036b8                HAL_DMA_Abort_IT
 .text.HAL_DMA_IRQHandler
                0x080037ac      0x164 ./Drivers/STM32C0xx_HAL_Driver/Src/stm32c0xx_hal_dma.o
                0x080037ac                HAL_DMA_IRQHandler
 .text.DMA_CalcDMAMUXChannelBaseAndMask
                0x08003910       0x58 ./Drivers/STM32C0xx_HAL_Driver/Src/stm32c0xx_hal_dma.o
 .text.DMA_CalcDMAMUXRequestGenBaseAndMask
                0x08003968       0x48 ./Drivers/STM32C0xx_HAL_Driver/Src/stm32c0xx_hal_dma.o
 .text.HAL_FDCAN_Init
                0x080039b0      0x2c0 ./Drivers/STM32C0xx_HAL_Driver/Src/stm32c0xx_hal_fdcan.o
                0x080039b0                HAL_FDCAN_Init
 .text.HAL_FDCAN_ConfigFilter
                0x08003c70       0xba ./Drivers/STM32C0xx_HAL_Driver/Src/stm32c0xx_hal_fdcan.o
                0x08003c70                HAL_FDCAN_ConfigFilter
 .text.HAL_FDCAN_ConfigGlobalFilter
                0x08003d2a       0x60 ./Drivers/STM32C0xx_HAL_Driver/Src/stm32c0xx_hal_fdcan.o
                0x08003d2a                HAL_FDCAN_ConfigGlobalFilter
 .text.HAL_FDCAN_Start
                0x08003d8a       0x4c ./Drivers/STM32C0xx_HAL_Driver/Src/stm32c0xx_hal_fdcan.o
                0x08003d8a                HAL_FDCAN_Start
 .text.HAL_FDCAN_Stop
                0x08003dd6       0xda ./Drivers/STM32C0xx_HAL_Driver/Src/stm32c0xx_hal_fdcan.o
                0x08003dd6                HAL_FDCAN_Stop
 .text.HAL_FDCAN_AddMessageToTxFifoQ
                0x08003eb0       0x8a ./Drivers/STM32C0xx_HAL_Driver/Src/stm32c0xx_hal_fdcan.o
                0x08003eb0                HAL_FDCAN_AddMessageToTxFifoQ
 *fill*         0x08003f3a        0x2 
 .text.HAL_FDCAN_GetRxMessage
                0x08003f3c      0x22c ./Drivers/STM32C0xx_HAL_Driver/Src/stm32c0xx_hal_fdcan.o
                0x08003f3c                HAL_FDCAN_GetRxMessage
 .text.HAL_FDCAN_GetTxFifoFreeLevel
                0x08004168       0x20 ./Drivers/STM32C0xx_HAL_Driver/Src/stm32c0xx_hal_fdcan.o
                0x08004168                HAL_FDCAN_GetTxFifoFreeLevel
 .text.HAL_FDCAN_ActivateNotification
                0x08004188      0x1ac ./Drivers/STM32C0xx_HAL_Driver/Src/stm32c0xx_hal_fdcan.o
                0x08004188                HAL_FDCAN_ActivateNotification
 .text.HAL_FDCAN_IRQHandler
                0x08004334      0x28e ./Drivers/STM32C0xx_HAL_Driver/Src/stm32c0xx_hal_fdcan.o
                0x08004334                HAL_FDCAN_IRQHandler
 .text.HAL_FDCAN_TxEventFifoCallback
                0x080045c2       0x12 ./Drivers/STM32C0xx_HAL_Driver/Src/stm32c0xx_hal_fdcan.o
                0x080045c2                HAL_FDCAN_TxEventFifoCallback
 .text.HAL_FDCAN_RxFifo1Callback
                0x080045d4       0x12 ./Drivers/STM32C0xx_HAL_Driver/Src/stm32c0xx_hal_fdcan.o
                0x080045d4                HAL_FDCAN_RxFifo1Callback
 .text.HAL_FDCAN_TxFifoEmptyCallback
                0x080045e6       0x10 ./Drivers/STM32C0xx_HAL_Driver/Src/stm32c0xx_hal_fdcan.o
                0x080045e6                HAL_FDCAN_TxFifoEmptyCallback
 .text.HAL_FDCAN_TxBufferCompleteCallback
                0x080045f6       0x12 ./Drivers/STM32C0xx_HAL_Driver/Src/stm32c0xx_hal_fdcan.o
                0x080045f6                HAL_FDCAN_TxBufferCompleteCallback
 .text.HAL_FDCAN_TxBufferAbortCallback
                0x08004608       0x12 ./Drivers/STM32C0xx_HAL_Driver/Src/stm32c0xx_hal_fdcan.o
                0x08004608                HAL_FDCAN_TxBufferAbortCallback
 .text.HAL_FDCAN_TimestampWraparoundCallback
                0x0800461a       0x10 ./Drivers/STM32C0xx_HAL_Driver/Src/stm32c0xx_hal_fdcan.o
                0x0800461a                HAL_FDCAN_TimestampWraparoundCallback
 .text.HAL_FDCAN_TimeoutOccurredCallback
                0x0800462a       0x10 ./Drivers/STM32C0xx_HAL_Driver/Src/stm32c0xx_hal_fdcan.o
                0x0800462a                HAL_FDCAN_TimeoutOccurredCallback
 .text.HAL_FDCAN_HighPriorityMessageCallback
                0x0800463a       0x10 ./Drivers/STM32C0xx_HAL_Driver/Src/stm32c0xx_hal_fdcan.o
                0x0800463a                HAL_FDCAN_HighPriorityMessageCallback
 .text.HAL_FDCAN_ErrorCallback
                0x0800464a       0x10 ./Drivers/STM32C0xx_HAL_Driver/Src/stm32c0xx_hal_fdcan.o
                0x0800464a                HAL_FDCAN_ErrorCallback
 .text.HAL_FDCAN_ErrorStatusCallback
                0x0800465a       0x12 ./Drivers/STM32C0xx_HAL_Driver/Src/stm32c0xx_hal_fdcan.o
                0x0800465a                HAL_FDCAN_ErrorStatusCallback
 .text.FDCAN_CalcultateRamBlockAddresses
                0x0800466c       0xc0 ./Drivers/STM32C0xx_HAL_Driver/Src/stm32c0xx_hal_fdcan.o
 .text.FDCAN_CopyMessageToRAM
                0x0800472c       0xf8 ./Drivers/STM32C0xx_HAL_Driver/Src/stm32c0xx_hal_fdcan.o
 .text.HAL_GPIO_Init
                0x08004824      0x2e4 ./Drivers/STM32C0xx_HAL_Driver/Src/stm32c0xx_hal_gpio.o
                0x08004824                HAL_GPIO_Init
 .text.HAL_GPIO_WritePin
                0x08004b08       0x3a ./Drivers/STM32C0xx_HAL_Driver/Src/stm32c0xx_hal_gpio.o
                0x08004b08                HAL_GPIO_WritePin
 .text.HAL_GPIO_TogglePin
                0x08004b42       0x36 ./Drivers/STM32C0xx_HAL_Driver/Src/stm32c0xx_hal_gpio.o
                0x08004b42                HAL_GPIO_TogglePin
 .text.HAL_I2C_Init
                0x08004b78      0x14c ./Drivers/STM32C0xx_HAL_Driver/Src/stm32c0xx_hal_i2c.o
                0x08004b78                HAL_I2C_Init
 .text.HAL_I2CEx_ConfigAnalogFilter
                0x08004cc4       0x98 ./Drivers/STM32C0xx_HAL_Driver/Src/stm32c0xx_hal_i2c_ex.o
                0x08004cc4                HAL_I2CEx_ConfigAnalogFilter
 .text.HAL_I2CEx_ConfigDigitalFilter
                0x08004d5c       0x98 ./Drivers/STM32C0xx_HAL_Driver/Src/stm32c0xx_hal_i2c_ex.o
                0x08004d5c                HAL_I2CEx_ConfigDigitalFilter
 .text.HAL_RCC_OscConfig
                0x08004df4      0x3c8 ./Drivers/STM32C0xx_HAL_Driver/Src/stm32c0xx_hal_rcc.o
                0x08004df4                HAL_RCC_OscConfig
 .text.HAL_RCC_ClockConfig
                0x080051bc      0x214 ./Drivers/STM32C0xx_HAL_Driver/Src/stm32c0xx_hal_rcc.o
                0x080051bc                HAL_RCC_ClockConfig
 .text.HAL_RCC_GetSysClockFreq
                0x080053d0       0xa0 ./Drivers/STM32C0xx_HAL_Driver/Src/stm32c0xx_hal_rcc.o
                0x080053d0                HAL_RCC_GetSysClockFreq
 .text.HAL_RCC_GetHCLKFreq
                0x08005470       0x3c ./Drivers/STM32C0xx_HAL_Driver/Src/stm32c0xx_hal_rcc.o
                0x08005470                HAL_RCC_GetHCLKFreq
 .text.HAL_RCC_GetPCLK1Freq
                0x080054ac       0x30 ./Drivers/STM32C0xx_HAL_Driver/Src/stm32c0xx_hal_rcc.o
                0x080054ac                HAL_RCC_GetPCLK1Freq
 .text.HAL_RCCEx_PeriphCLKConfig
                0x080054dc      0x1f4 ./Drivers/STM32C0xx_HAL_Driver/Src/stm32c0xx_hal_rcc_ex.o
                0x080054dc                HAL_RCCEx_PeriphCLKConfig
 .text.HAL_SPI_Init
                0x080056d0      0x170 ./Drivers/STM32C0xx_HAL_Driver/Src/stm32c0xx_hal_spi.o
                0x080056d0                HAL_SPI_Init
 .text.HAL_TIM_Base_Init
                0x08005840       0xb0 ./Drivers/STM32C0xx_HAL_Driver/Src/stm32c0xx_hal_tim.o
                0x08005840                HAL_TIM_Base_Init
 .text.HAL_TIM_Base_Start_IT
                0x080058f0       0xb8 ./Drivers/STM32C0xx_HAL_Driver/Src/stm32c0xx_hal_tim.o
                0x080058f0                HAL_TIM_Base_Start_IT
 .text.HAL_TIM_IRQHandler
                0x080059a8      0x210 ./Drivers/STM32C0xx_HAL_Driver/Src/stm32c0xx_hal_tim.o
                0x080059a8                HAL_TIM_IRQHandler
 .text.HAL_TIM_OC_DelayElapsedCallback
                0x08005bb8       0x10 ./Drivers/STM32C0xx_HAL_Driver/Src/stm32c0xx_hal_tim.o
                0x08005bb8                HAL_TIM_OC_DelayElapsedCallback
 .text.HAL_TIM_IC_CaptureCallback
                0x08005bc8       0x10 ./Drivers/STM32C0xx_HAL_Driver/Src/stm32c0xx_hal_tim.o
                0x08005bc8                HAL_TIM_IC_CaptureCallback
 .text.HAL_TIM_PWM_PulseFinishedCallback
                0x08005bd8       0x10 ./Drivers/STM32C0xx_HAL_Driver/Src/stm32c0xx_hal_tim.o
                0x08005bd8                HAL_TIM_PWM_PulseFinishedCallback
 .text.HAL_TIM_TriggerCallback
                0x08005be8       0x10 ./Drivers/STM32C0xx_HAL_Driver/Src/stm32c0xx_hal_tim.o
                0x08005be8                HAL_TIM_TriggerCallback
 .text.TIM_Base_SetConfig
                0x08005bf8      0x10c ./Drivers/STM32C0xx_HAL_Driver/Src/stm32c0xx_hal_tim.o
                0x08005bf8                TIM_Base_SetConfig
 .text.HAL_TIMEx_CommutCallback
                0x08005d04       0x10 ./Drivers/STM32C0xx_HAL_Driver/Src/stm32c0xx_hal_tim_ex.o
                0x08005d04                HAL_TIMEx_CommutCallback
 .text.HAL_TIMEx_BreakCallback
                0x08005d14       0x10 ./Drivers/STM32C0xx_HAL_Driver/Src/stm32c0xx_hal_tim_ex.o
                0x08005d14                HAL_TIMEx_BreakCallback
 .text.HAL_TIMEx_Break2Callback
                0x08005d24       0x10 ./Drivers/STM32C0xx_HAL_Driver/Src/stm32c0xx_hal_tim_ex.o
                0x08005d24                HAL_TIMEx_Break2Callback
 .text.HAL_UART_Init
                0x08005d34       0xac ./Drivers/STM32C0xx_HAL_Driver/Src/stm32c0xx_hal_uart.o
                0x08005d34                HAL_UART_Init
 .text.HAL_UART_Transmit
                0x08005de0      0x148 ./Drivers/STM32C0xx_HAL_Driver/Src/stm32c0xx_hal_uart.o
                0x08005de0                HAL_UART_Transmit
 .text.HAL_UART_Receive_IT
                0x08005f28       0xae ./Drivers/STM32C0xx_HAL_Driver/Src/stm32c0xx_hal_uart.o
                0x08005f28                HAL_UART_Receive_IT
 *fill*         0x08005fd6        0x2 
 .text.HAL_UART_IRQHandler
                0x08005fd8      0x68c ./Drivers/STM32C0xx_HAL_Driver/Src/stm32c0xx_hal_uart.o
                0x08005fd8                HAL_UART_IRQHandler
 .text.HAL_UART_TxCpltCallback
                0x08006664       0x10 ./Drivers/STM32C0xx_HAL_Driver/Src/stm32c0xx_hal_uart.o
                0x08006664                HAL_UART_TxCpltCallback
 .text.HAL_UART_ErrorCallback
                0x08006674       0x10 ./Drivers/STM32C0xx_HAL_Driver/Src/stm32c0xx_hal_uart.o
                0x08006674                HAL_UART_ErrorCallback
 .text.HAL_UARTEx_RxEventCallback
                0x08006684       0x16 ./Drivers/STM32C0xx_HAL_Driver/Src/stm32c0xx_hal_uart.o
                0x08006684                HAL_UARTEx_RxEventCallback
 *fill*         0x0800669a        0x2 
 .text.UART_SetConfig
                0x0800669c      0x32c ./Drivers/STM32C0xx_HAL_Driver/Src/stm32c0xx_hal_uart.o
                0x0800669c                UART_SetConfig
 .text.UART_AdvFeatureConfig
                0x080069c8      0x168 ./Drivers/STM32C0xx_HAL_Driver/Src/stm32c0xx_hal_uart.o
                0x080069c8                UART_AdvFeatureConfig
 .text.UART_CheckIdleState
                0x08006b30      0x154 ./Drivers/STM32C0xx_HAL_Driver/Src/stm32c0xx_hal_uart.o
                0x08006b30                UART_CheckIdleState
 .text.UART_WaitOnFlagUntilTimeout
                0x08006c84       0xde ./Drivers/STM32C0xx_HAL_Driver/Src/stm32c0xx_hal_uart.o
                0x08006c84                UART_WaitOnFlagUntilTimeout
 *fill*         0x08006d62        0x2 
 .text.UART_Start_Receive_IT
                0x08006d64      0x248 ./Drivers/STM32C0xx_HAL_Driver/Src/stm32c0xx_hal_uart.o
                0x08006d64                UART_Start_Receive_IT
 .text.UART_EndRxTransfer
                0x08006fac       0xcc ./Drivers/STM32C0xx_HAL_Driver/Src/stm32c0xx_hal_uart.o
 .text.UART_DMAAbortOnError
                0x08007078       0x26 ./Drivers/STM32C0xx_HAL_Driver/Src/stm32c0xx_hal_uart.o
 .text.UART_EndTransmit_IT
                0x0800709e       0x58 ./Drivers/STM32C0xx_HAL_Driver/Src/stm32c0xx_hal_uart.o
 *fill*         0x080070f6        0x2 
 .text.UART_RxISR_8BIT
                0x080070f8      0x1b8 ./Drivers/STM32C0xx_HAL_Driver/Src/stm32c0xx_hal_uart.o
 .text.UART_RxISR_16BIT
                0x080072b0      0x1b8 ./Drivers/STM32C0xx_HAL_Driver/Src/stm32c0xx_hal_uart.o
 .text.UART_RxISR_8BIT_FIFOEN
                0x08007468      0x334 ./Drivers/STM32C0xx_HAL_Driver/Src/stm32c0xx_hal_uart.o
 .text.UART_RxISR_16BIT_FIFOEN
                0x0800779c      0x34c ./Drivers/STM32C0xx_HAL_Driver/Src/stm32c0xx_hal_uart.o
 .text.HAL_UARTEx_WakeupCallback
                0x08007ae8       0x10 ./Drivers/STM32C0xx_HAL_Driver/Src/stm32c0xx_hal_uart_ex.o
                0x08007ae8                HAL_UARTEx_WakeupCallback
 .text.HAL_UARTEx_RxFifoFullCallback
                0x08007af8       0x10 ./Drivers/STM32C0xx_HAL_Driver/Src/stm32c0xx_hal_uart_ex.o
                0x08007af8                HAL_UARTEx_RxFifoFullCallback
 .text.HAL_UARTEx_TxFifoEmptyCallback
                0x08007b08       0x10 ./Drivers/STM32C0xx_HAL_Driver/Src/stm32c0xx_hal_uart_ex.o
                0x08007b08                HAL_UARTEx_TxFifoEmptyCallback
 .text.HAL_UARTEx_DisableFifoMode
                0x08007b18       0x74 ./Drivers/STM32C0xx_HAL_Driver/Src/stm32c0xx_hal_uart_ex.o
                0x08007b18                HAL_UARTEx_DisableFifoMode
 .text.HAL_UARTEx_SetTxFifoThreshold
                0x08007b8c       0x7e ./Drivers/STM32C0xx_HAL_Driver/Src/stm32c0xx_hal_uart_ex.o
                0x08007b8c                HAL_UARTEx_SetTxFifoThreshold
 *fill*         0x08007c0a        0x2 
 .text.HAL_UARTEx_SetRxFifoThreshold
                0x08007c0c       0x84 ./Drivers/STM32C0xx_HAL_Driver/Src/stm32c0xx_hal_uart_ex.o
                0x08007c0c                HAL_UARTEx_SetRxFifoThreshold
 .text.UARTEx_SetNbDataToProcess
                0x08007c90       0xbc ./Drivers/STM32C0xx_HAL_Driver/Src/stm32c0xx_hal_uart_ex.o
 .text.memset   0x08007d4c       0x10 C:/ST/STM32CubeIDE_1.19.0/STM32CubeIDE/plugins/com.st.stm32cube.ide.mcu.externaltools.gnu-tools-for-stm32.14.3.rel1.win32_1.0.100.202602081740/tools/bin/../lib/gcc/arm-none-eabi/14.3.1/../../../../arm-none-eabi/lib/thumb/v6-m/nofp\libc_nano.a(libc_a-memset.o)
                0x08007d4c                memset
 .text.__libc_init_array
                0x08007d5c       0x48 C:/ST/STM32CubeIDE_1.19.0/STM32CubeIDE/plugins/com.st.stm32cube.ide.mcu.externaltools.gnu-tools-for-stm32.14.3.rel1.win32_1.0.100.202602081740/tools/bin/../lib/gcc/arm-none-eabi/14.3.1/../../../../arm-none-eabi/lib/thumb/v6-m/nofp\libc_nano.a(libc_a-init.o)
                0x08007d5c                __libc_init_array
 .text.sinf     0x08007da4       0x74 C:/ST/STM32CubeIDE_1.19.0/STM32CubeIDE/plugins/com.st.stm32cube.ide.mcu.externaltools.gnu-tools-for-stm32.14.3.rel1.win32_1.0.100.202602081740/tools/bin/../lib/gcc/arm-none-eabi/14.3.1/../../../../arm-none-eabi/lib/thumb/v6-m/nofp\libm.a(libm_a-sf_sin.o)
                0x08007da4                sinf
 .text.floor    0x08007e18      0x11c C:/ST/STM32CubeIDE_1.19.0/STM32CubeIDE/plugins/com.st.stm32cube.ide.mcu.externaltools.gnu-tools-for-stm32.14.3.rel1.win32_1.0.100.202602081740/tools/bin/../lib/gcc/arm-none-eabi/14.3.1/../../../../arm-none-eabi/lib/thumb/v6-m/nofp\libm.a(libm_a-s_floor.o)
                0x08007e18                floor
 .text.__kernel_cosf
                0x08007f34      0x190 C:/ST/STM32CubeIDE_1.19.0/STM32CubeIDE/plugins/com.st.stm32cube.ide.mcu.externaltools.gnu-tools-for-stm32.14.3.rel1.win32_1.0.100.202602081740/tools/bin/../lib/gcc/arm-none-eabi/14.3.1/../../../../arm-none-eabi/lib/thumb/v6-m/nofp\libm.a(libm_a-kf_cos.o)
                0x08007f34                __kernel_cosf
 .text.__kernel_sinf
                0x080080c4       0xf0 C:/ST/STM32CubeIDE_1.19.0/STM32CubeIDE/plugins/com.st.stm32cube.ide.mcu.externaltools.gnu-tools-for-stm32.14.3.rel1.win32_1.0.100.202602081740/tools/bin/../lib/gcc/arm-none-eabi/14.3.1/../../../../arm-none-eabi/lib/thumb/v6-m/nofp\libm.a(libm_a-kf_sin.o)
                0x080080c4                __kernel_sinf
 .text.__ieee754_rem_pio2f
                0x080081b4      0x2f8 C:/ST/STM32CubeIDE_1.19.0/STM32CubeIDE/plugins/com.st.stm32cube.ide.mcu.externaltools.gnu-tools-for-stm32.14.3.rel1.win32_1.0.100.202602081740/tools/bin/../lib/gcc/arm-none-eabi/14.3.1/../../../../arm-none-eabi/lib/thumb/v6-m/nofp\libm.a(libm_a-ef_rem_pio2.o)
                0x080081b4                __ieee754_rem_pio2f
 .text.fabsf    0x080084ac        0x8 C:/ST/STM32CubeIDE_1.19.0/STM32CubeIDE/plugins/com.st.stm32cube.ide.mcu.externaltools.gnu-tools-for-stm32.14.3.rel1.win32_1.0.100.202602081740/tools/bin/../lib/gcc/arm-none-eabi/14.3.1/../../../../arm-none-eabi/lib/thumb/v6-m/nofp\libm.a(libm_a-sf_fabs.o)
                0x080084ac                fabsf
 .text.__kernel_rem_pio2f
                0x080084b4      0x7a4 C:/ST/STM32CubeIDE_1.19.0/STM32CubeIDE/plugins/com.st.stm32cube.ide.mcu.externaltools.gnu-tools-for-stm32.14.3.rel1.win32_1.0.100.202602081740/tools/bin/../lib/gcc/arm-none-eabi/14.3.1/../../../../arm-none-eabi/lib/thumb/v6-m/nofp\libm.a(libm_a-kf_rem_pio2.o)
                0x080084b4                __kernel_rem_pio2f
 .text.scalbnf  0x08008c58       0xc4 C:/ST/STM32CubeIDE_1.19.0/STM32CubeIDE/plugins/com.st.stm32cube.ide.mcu.externaltools.gnu-tools-for-stm32.14.3.rel1.win32_1.0.100.202602081740/tools/bin/../lib/gcc/arm-none-eabi/14.3.1/../../../../arm-none-eabi/lib/thumb/v6-m/nofp\libm.a(libm_a-sf_scalbn.o)
                0x08008c58                scalbnf
 .text.floorf   0x08008d1c       0x94 C:/ST/STM32CubeIDE_1.19.0/STM32CubeIDE/plugins/com.st.stm32cube.ide.mcu.externaltools.gnu-tools-for-stm32.14.3.rel1.win32_1.0.100.202602081740/tools/bin/../lib/gcc/arm-none-eabi/14.3.1/../../../../arm-none-eabi/lib/thumb/v6-m/nofp\libm.a(libm_a-sf_floor.o)
                0x08008d1c                floorf
 *(.glue_7)
 .glue_7        0x08008db0        0x0 linker stubs
 *(.glue_7t)
 .glue_7t       0x08008db0        0x0 linker stubs
 *(.eh_frame)
 .eh_frame      0x08008db0        0x0 C:/ST/STM32CubeIDE_1.19.0/STM32CubeIDE/plugins/com.st.stm32cube.ide.mcu.externaltools.gnu-tools-for-stm32.14.3.rel1.win32_1.0.100.202602081740/tools/bin/../lib/gcc/arm-none-eabi/14.3.1/thumb/v6-m/nofp/crtbegin.o
 *(.init)
 .init          0x08008db0        0x4 C:/ST/STM32CubeIDE_1.19.0/STM32CubeIDE/plugins/com.st.stm32cube.ide.mcu.externaltools.gnu-tools-for-stm32.14.3.rel1.win32_1.0.100.202602081740/tools/bin/../lib/gcc/arm-none-eabi/14.3.1/thumb/v6-m/nofp/crti.o
                0x08008db0                _init
 .init          0x08008db4        0x8 C:/ST/STM32CubeIDE_1.19.0/STM32CubeIDE/plugins/com.st.stm32cube.ide.mcu.externaltools.gnu-tools-for-stm32.14.3.rel1.win32_1.0.100.202602081740/tools/bin/../lib/gcc/arm-none-eabi/14.3.1/thumb/v6-m/nofp/crtn.o
 *(.fini)
 .fini          0x08008dbc        0x4 C:/ST/STM32CubeIDE_1.19.0/STM32CubeIDE/plugins/com.st.stm32cube.ide.mcu.externaltools.gnu-tools-for-stm32.14.3.rel1.win32_1.0.100.202602081740/tools/bin/../lib/gcc/arm-none-eabi/14.3.1/thumb/v6-m/nofp/crti.o
                0x08008dbc                _fini
 .fini          0x08008dc0        0x8 C:/ST/STM32CubeIDE_1.19.0/STM32CubeIDE/plugins/com.st.stm32cube.ide.mcu.externaltools.gnu-tools-for-stm32.14.3.rel1.win32_1.0.100.202602081740/tools/bin/../lib/gcc/arm-none-eabi/14.3.1/thumb/v6-m/nofp/crtn.o
                0x08008dc8                        . = ALIGN (0x4)
                0x08008dc8                        _etext = .

.vfp11_veneer   0x08008dc8        0x0
 .vfp11_veneer  0x08008dc8        0x0 linker stubs

.v4_bx          0x08008dc8        0x0
 .v4_bx         0x08008dc8        0x0 linker stubs

.iplt           0x08008dc8        0x0
 .iplt          0x08008dc8        0x0 C:/ST/STM32CubeIDE_1.19.0/STM32CubeIDE/plugins/com.st.stm32cube.ide.mcu.externaltools.gnu-tools-for-stm32.14.3.rel1.win32_1.0.100.202602081740/tools/bin/../lib/gcc/arm-none-eabi/14.3.1/thumb/v6-m/nofp/crtbegin.o

.rodata         0x08008dc8      0x4e4
                0x08008dc8                        . = ALIGN (0x4)
 *(.rodata)
 .rodata        0x08008dc8       0x7c C:/ST/STM32CubeIDE_1.19.0/STM32CubeIDE/plugins/com.st.stm32cube.ide.mcu.externaltools.gnu-tools-for-stm32.14.3.rel1.win32_1.0.100.202602081740/tools/bin/../lib/gcc/arm-none-eabi/14.3.1/thumb/v6-m/nofp\libgcc.a(divsf3.o)
 *(.rodata*)
 .rodata.AHBPrescTable
                0x08008e44       0x40 ./Core/Src/system_stm32c0xx.o
                0x08008e44                AHBPrescTable
 .rodata.APBPrescTable
                0x08008e84       0x20 ./Core/Src/system_stm32c0xx.o
                0x08008e84                APBPrescTable
 .rodata.DLCtoBytes
                0x08008ea4       0x10 ./Drivers/STM32C0xx_HAL_Driver/Src/stm32c0xx_hal_fdcan.o
 .rodata.UARTPrescTable
                0x08008eb4       0x18 ./Drivers/STM32C0xx_HAL_Driver/Src/stm32c0xx_hal_uart.o
                0x08008eb4                UARTPrescTable
 .rodata.numerator.1
                0x08008ecc        0x8 ./Drivers/STM32C0xx_HAL_Driver/Src/stm32c0xx_hal_uart_ex.o
 .rodata.denominator.0
                0x08008ed4        0x8 ./Drivers/STM32C0xx_HAL_Driver/Src/stm32c0xx_hal_uart_ex.o
 .rodata.npio2_hw
                0x08008edc       0x80 C:/ST/STM32CubeIDE_1.19.0/STM32CubeIDE/plugins/com.st.stm32cube.ide.mcu.externaltools.gnu-tools-for-stm32.14.3.rel1.win32_1.0.100.202602081740/tools/bin/../lib/gcc/arm-none-eabi/14.3.1/../../../../arm-none-eabi/lib/thumb/v6-m/nofp\libm.a(libm_a-ef_rem_pio2.o)
 .rodata.two_over_pi
                0x08008f5c      0x318 C:/ST/STM32CubeIDE_1.19.0/STM32CubeIDE/plugins/com.st.stm32cube.ide.mcu.externaltools.gnu-tools-for-stm32.14.3.rel1.win32_1.0.100.202602081740/tools/bin/../lib/gcc/arm-none-eabi/14.3.1/../../../../arm-none-eabi/lib/thumb/v6-m/nofp\libm.a(libm_a-ef_rem_pio2.o)
 .rodata.PIo2   0x08009274       0x2c C:/ST/STM32CubeIDE_1.19.0/STM32CubeIDE/plugins/com.st.stm32cube.ide.mcu.externaltools.gnu-tools-for-stm32.14.3.rel1.win32_1.0.100.202602081740/tools/bin/../lib/gcc/arm-none-eabi/14.3.1/../../../../arm-none-eabi/lib/thumb/v6-m/nofp\libm.a(libm_a-kf_rem_pio2.o)
 .rodata.init_jk
                0x080092a0        0xc C:/ST/STM32CubeIDE_1.19.0/STM32CubeIDE/plugins/com.st.stm32cube.ide.mcu.externaltools.gnu-tools-for-stm32.14.3.rel1.win32_1.0.100.202602081740/tools/bin/../lib/gcc/arm-none-eabi/14.3.1/../../../../arm-none-eabi/lib/thumb/v6-m/nofp\libm.a(libm_a-kf_rem_pio2.o)
                0x080092ac                        . = ALIGN (0x4)

.ARM.extab      0x080092ac        0x0
                0x080092ac                        . = ALIGN (0x4)
 *(.ARM.extab* .gnu.linkonce.armextab.*)
                0x080092ac                        . = ALIGN (0x4)

.ARM            0x080092ac        0x0
                0x080092ac                        . = ALIGN (0x4)
                0x080092ac                        __exidx_start = .
 *(.ARM.exidx*)
                0x080092ac                        __exidx_end = .
                0x080092ac                        . = ALIGN (0x4)

.preinit_array  0x080092ac        0x0
                0x080092ac                        . = ALIGN (0x4)
                0x080092ac                        PROVIDE (__preinit_array_start = .)
 *(.preinit_array*)
                0x080092ac                        PROVIDE (__preinit_array_end = .)
                0x080092ac                        . = ALIGN (0x4)

.init_array     0x080092ac        0x4
                0x080092ac                        . = ALIGN (0x4)
                0x080092ac                        PROVIDE (__init_array_start = .)
 *(SORT_BY_NAME(.init_array.*))
 *(.init_array*)
 .init_array    0x080092ac        0x4 C:/ST/STM32CubeIDE_1.19.0/STM32CubeIDE/plugins/com.st.stm32cube.ide.mcu.externaltools.gnu-tools-for-stm32.14.3.rel1.win32_1.0.100.202602081740/tools/bin/../lib/gcc/arm-none-eabi/14.3.1/thumb/v6-m/nofp/crtbegin.o
                0x080092b0                        PROVIDE (__init_array_end = .)
                0x080092b0                        . = ALIGN (0x4)

.fini_array     0x080092b0        0x4
                0x080092b0                        . = ALIGN (0x4)
                [!provide]                        PROVIDE (__fini_array_start = .)
 *(SORT_BY_NAME(.fini_array.*))
 *(.fini_array*)
 .fini_array    0x080092b0        0x4 C:/ST/STM32CubeIDE_1.19.0/STM32CubeIDE/plugins/com.st.stm32cube.ide.mcu.externaltools.gnu-tools-for-stm32.14.3.rel1.win32_1.0.100.202602081740/tools/bin/../lib/gcc/arm-none-eabi/14.3.1/thumb/v6-m/nofp/crtbegin.o
                [!provide]                        PROVIDE (__fini_array_end = .)
                0x080092b4                        . = ALIGN (0x4)
                0x080092b4                        _sidata = LOADADDR (.data)

.rel.dyn        0x080092b4        0x0
 .rel.iplt      0x080092b4        0x0 C:/ST/STM32CubeIDE_1.19.0/STM32CubeIDE/plugins/com.st.stm32cube.ide.mcu.externaltools.gnu-tools-for-stm32.14.3.rel1.win32_1.0.100.202602081740/tools/bin/../lib/gcc/arm-none-eabi/14.3.1/thumb/v6-m/nofp/crtbegin.o

.data           0x20000000       0x18 load address 0x080092b4
                0x20000000                        . = ALIGN (0x4)
                0x20000000                        _sdata = .
 *(.data)
 *(.data*)
 .data.MotorId  0x20000000        0x4 ./Core/Src/main.o
                0x20000000                MotorId
 .data.McuId    0x20000004        0x4 ./Core/Src/main.o
                0x20000004                McuId
 .data.Hz       0x20000008        0x4 ./Core/Src/main.o
                0x20000008                Hz
 .data.SystemCoreClock
                0x2000000c        0x4 ./Core/Src/system_stm32c0xx.o
                0x2000000c                SystemCoreClock
 .data.uwTickPrio
                0x20000010        0x4 ./Drivers/STM32C0xx_HAL_Driver/Src/stm32c0xx_hal.o
                0x20000010                uwTickPrio
 .data.uwTickFreq
                0x20000014        0x1 ./Drivers/STM32C0xx_HAL_Driver/Src/stm32c0xx_hal.o
                0x20000014                uwTickFreq
 *(.RamFunc)
 *(.RamFunc*)
                0x20000018                        . = ALIGN (0x4)
 *fill*         0x20000015        0x3 
                0x20000018                        _edata = .

.igot.plt       0x20000018        0x0 load address 0x080092cc
 .igot.plt      0x20000018        0x0 C:/ST/STM32CubeIDE_1.19.0/STM32CubeIDE/plugins/com.st.stm32cube.ide.mcu.externaltools.gnu-tools-for-stm32.14.3.rel1.win32_1.0.100.202602081740/tools/bin/../lib/gcc/arm-none-eabi/14.3.1/thumb/v6-m/nofp/crtbegin.o
                0x20000018                        . = ALIGN (0x4)

.bss            0x20000018     0x138c load address 0x080092cc
                0x20000018                        _sbss = .
                0x20000018                        __bss_start__ = _sbss
 *(.bss)
 .bss           0x20000018       0x1c C:/ST/STM32CubeIDE_1.19.0/STM32CubeIDE/plugins/com.st.stm32cube.ide.mcu.externaltools.gnu-tools-for-stm32.14.3.rel1.win32_1.0.100.202602081740/tools/bin/../lib/gcc/arm-none-eabi/14.3.1/thumb/v6-m/nofp/crtbegin.o
 *(.bss*)
 .bss.hfdcan1   0x20000034       0x64 ./Core/Src/main.o
                0x20000034                hfdcan1
 .bss.hi2c1     0x20000098       0x54 ./Core/Src/main.o
                0x20000098                hi2c1
 .bss.hspi1     0x200000ec       0x64 ./Core/Src/main.o
                0x200000ec                hspi1
 .bss.htim16    0x20000150       0x4c ./Core/Src/main.o
                0x20000150                htim16
 .bss.huart1    0x2000019c       0x94 ./Core/Src/main.o
                0x2000019c                huart1
 .bss.huart2    0x20000230       0x94 ./Core/Src/main.o
                0x20000230                huart2
 .bss.hdma_usart1_tx
                0x200002c4       0x5c ./Core/Src/main.o
                0x200002c4                hdma_usart1_tx
 .bss.RxChar    0x20000320        0x1 ./Core/Src/main.o
                0x20000320                RxChar
 .bss.CanTxFlag
                0x20000321        0x1 ./Core/Src/main.o
                0x20000321                CanTxFlag
 .bss.CanRxFlag
                0x20000322        0x1 ./Core/Src/main.o
                0x20000322                CanRxFlag
 *fill*         0x20000323        0x1 
 .bss.CanRxIde  0x20000324        0x4 ./Core/Src/main.o
                0x20000324                CanRxIde
 .bss.CanRxId   0x20000328        0x4 ./Core/Src/main.o
                0x20000328                CanRxId
 .bss.CanRxDlc  0x2000032c        0x4 ./Core/Src/main.o
                0x2000032c                CanRxDlc
 .bss.TxHeader  0x20000330       0x24 ./Core/Src/main.o
                0x20000330                TxHeader
 .bss.CanTxData
                0x20000354        0x8 ./Core/Src/main.o
                0x20000354                CanTxData
 .bss.CanRxData
                0x2000035c        0x8 ./Core/Src/main.o
                0x2000035c                CanRxData
 .bss.RxHeader  0x20000364       0x28 ./Core/Src/main.o
                0x20000364                RxHeader
 .bss.state     0x2000038c        0x1 ./Core/Src/main.o
                0x2000038c                state
 *fill*         0x2000038d        0x3 
 .bss.Timer_ms  0x20000390        0x4 ./Core/Src/main.o
                0x20000390                Timer_ms
 .bss.SinTable  0x20000394     0x1000 ./Core/Src/main.o
                0x20000394                SinTable
 .bss.sendToPc.0
                0x20001394        0xc ./Core/Src/main.o
 .bss.uwTick    0x200013a0        0x4 ./Drivers/STM32C0xx_HAL_Driver/Src/stm32c0xx_hal.o
                0x200013a0                uwTick
 *(COMMON)
                0x200013a4                        . = ALIGN (0x4)
                0x200013a4                        _ebss = .
                0x200013a4                        __bss_end__ = _ebss

._user_heap_stack
                0x200013a4      0x604 load address 0x080092cc
                0x200013a8                        . = ALIGN (0x8)
 *fill*         0x200013a4        0x4 
                [!provide]                        PROVIDE (end = .)
                0x200013a8                        PROVIDE (_end = .)
                0x200015a8                        . = (. + _Min_Heap_Size)
 *fill*         0x200013a8      0x200 
                0x200019a8                        . = (. + _Min_Stack_Size)
 *fill*         0x200015a8      0x400 
                0x200019a8                        . = ALIGN (0x8)

/DISCARD/
 libc.a(*)
 libm.a(*)
 libgcc.a(*)

.ARM.attributes
                0x00000000       0x28
 *(.ARM.attributes)
 .ARM.attributes
                0x00000000       0x1e C:/ST/STM32CubeIDE_1.19.0/STM32CubeIDE/plugins/com.st.stm32cube.ide.mcu.externaltools.gnu-tools-for-stm32.14.3.rel1.win32_1.0.100.202602081740/tools/bin/../lib/gcc/arm-none-eabi/14.3.1/thumb/v6-m/nofp/crti.o
 .ARM.attributes
                0x0000001e       0x2c C:/ST/STM32CubeIDE_1.19.0/STM32CubeIDE/plugins/com.st.stm32cube.ide.mcu.externaltools.gnu-tools-for-stm32.14.3.rel1.win32_1.0.100.202602081740/tools/bin/../lib/gcc/arm-none-eabi/14.3.1/thumb/v6-m/nofp/crtbegin.o
 .ARM.attributes
                0x0000004a       0x2c ./Core/Src/main.o
 .ARM.attributes
                0x00000076       0x2c ./Core/Src/stm32c0xx_hal_msp.o
 .ARM.attributes
                0x000000a2       0x2c ./Core/Src/stm32c0xx_it.o
 .ARM.attributes
                0x000000ce       0x2c ./Core/Src/system_stm32c0xx.o
 .ARM.attributes
                0x000000fa       0x22 ./Core/Startup/startup_stm32c092fbpx.o
 .ARM.attributes
                0x0000011c       0x2c ./Drivers/STM32C0xx_HAL_Driver/Src/stm32c0xx_hal.o
 .ARM.attributes
                0x00000148       0x2c ./Drivers/STM32C0xx_HAL_Driver/Src/stm32c0xx_hal_cortex.o
 .ARM.attributes
                0x00000174       0x2c ./Drivers/STM32C0xx_HAL_Driver/Src/stm32c0xx_hal_dma.o
 .ARM.attributes
                0x000001a0       0x2c ./Drivers/STM32C0xx_HAL_Driver/Src/stm32c0xx_hal_fdcan.o
 .ARM.attributes
                0x000001cc       0x2c ./Drivers/STM32C0xx_HAL_Driver/Src/stm32c0xx_hal_gpio.o
 .ARM.attributes
                0x000001f8       0x2c ./Drivers/STM32C0xx_HAL_Driver/Src/stm32c0xx_hal_i2c.o
 .ARM.attributes
                0x00000224       0x2c ./Drivers/STM32C0xx_HAL_Driver/Src/stm32c0xx_hal_i2c_ex.o
 .ARM.attributes
                0x00000250       0x2c ./Drivers/STM32C0xx_HAL_Driver/Src/stm32c0xx_hal_rcc.o
 .ARM.attributes
                0x0000027c       0x2c ./Drivers/STM32C0xx_HAL_Driver/Src/stm32c0xx_hal_rcc_ex.o
 .ARM.attributes
                0x000002a8       0x2c ./Drivers/STM32C0xx_HAL_Driver/Src/stm32c0xx_hal_spi.o
 .ARM.attributes
                0x000002d4       0x2c ./Drivers/STM32C0xx_HAL_Driver/Src/stm32c0xx_hal_tim.o
 .ARM.attributes
                0x00000300       0x2c ./Drivers/STM32C0xx_HAL_Driver/Src/stm32c0xx_hal_tim_ex.o
 .ARM.attributes
                0x0000032c       0x2c ./Drivers/STM32C0xx_HAL_Driver/Src/stm32c0xx_hal_uart.o
 .ARM.attributes
                0x00000358       0x2c ./Drivers/STM32C0xx_HAL_Driver/Src/stm32c0xx_hal_uart_ex.o
 .ARM.attributes
                0x00000384       0x2c C:/ST/STM32CubeIDE_1.19.0/STM32CubeIDE/plugins/com.st.stm32cube.ide.mcu.externaltools.gnu-tools-for-stm32.14.3.rel1.win32_1.0.100.202602081740/tools/bin/../lib/gcc/arm-none-eabi/14.3.1/../../../../arm-none-eabi/lib/thumb/v6-m/nofp\libc_nano.a(libc_a-memset.o)
 .ARM.attributes
                0x000003b0       0x2c C:/ST/STM32CubeIDE_1.19.0/STM32CubeIDE/plugins/com.st.stm32cube.ide.mcu.externaltools.gnu-tools-for-stm32.14.3.rel1.win32_1.0.100.202602081740/tools/bin/../lib/gcc/arm-none-eabi/14.3.1/../../../../arm-none-eabi/lib/thumb/v6-m/nofp\libc_nano.a(libc_a-init.o)
 .ARM.attributes
                0x000003dc       0x2c C:/ST/STM32CubeIDE_1.19.0/STM32CubeIDE/plugins/com.st.stm32cube.ide.mcu.externaltools.gnu-tools-for-stm32.14.3.rel1.win32_1.0.100.202602081740/tools/bin/../lib/gcc/arm-none-eabi/14.3.1/../../../../arm-none-eabi/lib/thumb/v6-m/nofp\libm.a(libm_a-sf_sin.o)
 .ARM.attributes
                0x00000408       0x2c C:/ST/STM32CubeIDE_1.19.0/STM32CubeIDE/plugins/com.st.stm32cube.ide.mcu.externaltools.gnu-tools-for-stm32.14.3.rel1.win32_1.0.100.202602081740/tools/bin/../lib/gcc/arm-none-eabi/14.3.1/../../../../arm-none-eabi/lib/thumb/v6-m/nofp\libm.a(libm_a-s_floor.o)
 .ARM.attributes
                0x00000434       0x2c C:/ST/STM32CubeIDE_1.19.0/STM32CubeIDE/plugins/com.st.stm32cube.ide.mcu.externaltools.gnu-tools-for-stm32.14.3.rel1.win32_1.0.100.202602081740/tools/bin/../lib/gcc/arm-none-eabi/14.3.1/../../../../arm-none-eabi/lib/thumb/v6-m/nofp\libm.a(libm_a-kf_cos.o)
 .ARM.attributes
                0x00000460       0x2c C:/ST/STM32CubeIDE_1.19.0/STM32CubeIDE/plugins/com.st.stm32cube.ide.mcu.externaltools.gnu-tools-for-stm32.14.3.rel1.win32_1.0.100.202602081740/tools/bin/../lib/gcc/arm-none-eabi/14.3.1/../../../../arm-none-eabi/lib/thumb/v6-m/nofp\libm.a(libm_a-kf_sin.o)
 .ARM.attributes
                0x0000048c       0x2c C:/ST/STM32CubeIDE_1.19.0/STM32CubeIDE/plugins/com.st.stm32cube.ide.mcu.externaltools.gnu-tools-for-stm32.14.3.rel1.win32_1.0.100.202602081740/tools/bin/../lib/gcc/arm-none-eabi/14.3.1/../../../../arm-none-eabi/lib/thumb/v6-m/nofp\libm.a(libm_a-ef_rem_pio2.o)
 .ARM.attributes
                0x000004b8       0x2c C:/ST/STM32CubeIDE_1.19.0/STM32CubeIDE/plugins/com.st.stm32cube.ide.mcu.externaltools.gnu-tools-for-stm32.14.3.rel1.win32_1.0.100.202602081740/tools/bin/../lib/gcc/arm-none-eabi/14.3.1/../../../../arm-none-eabi/lib/thumb/v6-m/nofp\libm.a(libm_a-sf_fabs.o)
 .ARM.attributes
                0x000004e4       0x2c C:/ST/STM32CubeIDE_1.19.0/STM32CubeIDE/plugins/com.st.stm32cube.ide.mcu.externaltools.gnu-tools-for-stm32.14.3.rel1.win32_1.0.100.202602081740/tools/bin/../lib/gcc/arm-none-eabi/14.3.1/../../../../arm-none-eabi/lib/thumb/v6-m/nofp\libm.a(libm_a-kf_rem_pio2.o)
 .ARM.attributes
                0x00000510       0x2c C:/ST/STM32CubeIDE_1.19.0/STM32CubeIDE/plugins/com.st.stm32cube.ide.mcu.externaltools.gnu-tools-for-stm32.14.3.rel1.win32_1.0.100.202602081740/tools/bin/../lib/gcc/arm-none-eabi/14.3.1/../../../../arm-none-eabi/lib/thumb/v6-m/nofp\libm.a(libm_a-sf_scalbn.o)
 .ARM.attributes
                0x0000053c       0x2c C:/ST/STM32CubeIDE_1.19.0/STM32CubeIDE/plugins/com.st.stm32cube.ide.mcu.externaltools.gnu-tools-for-stm32.14.3.rel1.win32_1.0.100.202602081740/tools/bin/../lib/gcc/arm-none-eabi/14.3.1/../../../../arm-none-eabi/lib/thumb/v6-m/nofp\libm.a(libm_a-sf_floor.o)
 .ARM.attributes
                0x00000568       0x1e C:/ST/STM32CubeIDE_1.19.0/STM32CubeIDE/plugins/com.st.stm32cube.ide.mcu.externaltools.gnu-tools-for-stm32.14.3.rel1.win32_1.0.100.202602081740/tools/bin/../lib/gcc/arm-none-eabi/14.3.1/thumb/v6-m/nofp\libgcc.a(_udivsi3.o)
 .ARM.attributes
                0x00000586       0x1e C:/ST/STM32CubeIDE_1.19.0/STM32CubeIDE/plugins/com.st.stm32cube.ide.mcu.externaltools.gnu-tools-for-stm32.14.3.rel1.win32_1.0.100.202602081740/tools/bin/../lib/gcc/arm-none-eabi/14.3.1/thumb/v6-m/nofp\libgcc.a(_divsi3.o)
 .ARM.attributes
                0x000005a4       0x1e C:/ST/STM32CubeIDE_1.19.0/STM32CubeIDE/plugins/com.st.stm32cube.ide.mcu.externaltools.gnu-tools-for-stm32.14.3.rel1.win32_1.0.100.202602081740/tools/bin/../lib/gcc/arm-none-eabi/14.3.1/thumb/v6-m/nofp\libgcc.a(_dvmd_tls.o)
 .ARM.attributes
                0x000005c2       0x1e C:/ST/STM32CubeIDE_1.19.0/STM32CubeIDE/plugins/com.st.stm32cube.ide.mcu.externaltools.gnu-tools-for-stm32.14.3.rel1.win32_1.0.100.202602081740/tools/bin/../lib/gcc/arm-none-eabi/14.3.1/thumb/v6-m/nofp\libgcc.a(_arm_cmpdf2.o)
 .ARM.attributes
                0x000005e0       0x1e C:/ST/STM32CubeIDE_1.19.0/STM32CubeIDE/plugins/com.st.stm32cube.ide.mcu.externaltools.gnu-tools-for-stm32.14.3.rel1.win32_1.0.100.202602081740/tools/bin/../lib/gcc/arm-none-eabi/14.3.1/thumb/v6-m/nofp\libgcc.a(_arm_cmpsf2.o)
 .ARM.attributes
                0x000005fe       0x2c C:/ST/STM32CubeIDE_1.19.0/STM32CubeIDE/plugins/com.st.stm32cube.ide.mcu.externaltools.gnu-tools-for-stm32.14.3.rel1.win32_1.0.100.202602081740/tools/bin/../lib/gcc/arm-none-eabi/14.3.1/thumb/v6-m/nofp\libgcc.a(_fixunssfsi.o)
 .ARM.attributes
                0x0000062a       0x2c C:/ST/STM32CubeIDE_1.19.0/STM32CubeIDE/plugins/com.st.stm32cube.ide.mcu.externaltools.gnu-tools-for-stm32.14.3.rel1.win32_1.0.100.202602081740/tools/bin/../lib/gcc/arm-none-eabi/14.3.1/thumb/v6-m/nofp\libgcc.a(addsf3.o)
 .ARM.attributes
                0x00000656       0x2c C:/ST/STM32CubeIDE_1.19.0/STM32CubeIDE/plugins/com.st.stm32cube.ide.mcu.externaltools.gnu-tools-for-stm32.14.3.rel1.win32_1.0.100.202602081740/tools/bin/../lib/gcc/arm-none-eabi/14.3.1/thumb/v6-m/nofp\libgcc.a(divsf3.o)
 .ARM.attributes
                0x00000682       0x2c C:/ST/STM32CubeIDE_1.19.0/STM32CubeIDE/plugins/com.st.stm32cube.ide.mcu.externaltools.gnu-tools-for-stm32.14.3.rel1.win32_1.0.100.202602081740/tools/bin/../lib/gcc/arm-none-eabi/14.3.1/thumb/v6-m/nofp\libgcc.a(eqsf2.o)
 .ARM.attributes
                0x000006ae       0x2c C:/ST/STM32CubeIDE_1.19.0/STM32CubeIDE/plugins/com.st.stm32cube.ide.mcu.externaltools.gnu-tools-for-stm32.14.3.rel1.win32_1.0.100.202602081740/tools/bin/../lib/gcc/arm-none-eabi/14.3.1/thumb/v6-m/nofp\libgcc.a(gesf2.o)
 .ARM.attributes
                0x000006da       0x2c C:/ST/STM32CubeIDE_1.19.0/STM32CubeIDE/plugins/com.st.stm32cube.ide.mcu.externaltools.gnu-tools-for-stm32.14.3.rel1.win32_1.0.100.202602081740/tools/bin/../lib/gcc/arm-none-eabi/14.3.1/thumb/v6-m/nofp\libgcc.a(lesf2.o)
 .ARM.attributes
                0x00000706       0x2c C:/ST/STM32CubeIDE_1.19.0/STM32CubeIDE/plugins/com.st.stm32cube.ide.mcu.externaltools.gnu-tools-for-stm32.14.3.rel1.win32_1.0.100.202602081740/tools/bin/../lib/gcc/arm-none-eabi/14.3.1/thumb/v6-m/nofp\libgcc.a(mulsf3.o)
 .ARM.attributes
                0x00000732       0x2c C:/ST/STM32CubeIDE_1.19.0/STM32CubeIDE/plugins/com.st.stm32cube.ide.mcu.externaltools.gnu-tools-for-stm32.14.3.rel1.win32_1.0.100.202602081740/tools/bin/../lib/gcc/arm-none-eabi/14.3.1/thumb/v6-m/nofp\libgcc.a(subsf3.o)
 .ARM.attributes
                0x0000075e       0x2c C:/ST/STM32CubeIDE_1.19.0/STM32CubeIDE/plugins/com.st.stm32cube.ide.mcu.externaltools.gnu-tools-for-stm32.14.3.rel1.win32_1.0.100.202602081740/tools/bin/../lib/gcc/arm-none-eabi/14.3.1/thumb/v6-m/nofp\libgcc.a(fixsfsi.o)
 .ARM.attributes
                0x0000078a       0x2c C:/ST/STM32CubeIDE_1.19.0/STM32CubeIDE/plugins/com.st.stm32cube.ide.mcu.externaltools.gnu-tools-for-stm32.14.3.rel1.win32_1.0.100.202602081740/tools/bin/../lib/gcc/arm-none-eabi/14.3.1/thumb/v6-m/nofp\libgcc.a(floatsisf.o)
 .ARM.attributes
                0x000007b6       0x2c C:/ST/STM32CubeIDE_1.19.0/STM32CubeIDE/plugins/com.st.stm32cube.ide.mcu.externaltools.gnu-tools-for-stm32.14.3.rel1.win32_1.0.100.202602081740/tools/bin/../lib/gcc/arm-none-eabi/14.3.1/thumb/v6-m/nofp\libgcc.a(adddf3.o)
 .ARM.attributes
                0x000007e2       0x2c C:/ST/STM32CubeIDE_1.19.0/STM32CubeIDE/plugins/com.st.stm32cube.ide.mcu.externaltools.gnu-tools-for-stm32.14.3.rel1.win32_1.0.100.202602081740/tools/bin/../lib/gcc/arm-none-eabi/14.3.1/thumb/v6-m/nofp\libgcc.a(eqdf2.o)
 .ARM.attributes
                0x0000080e       0x2c C:/ST/STM32CubeIDE_1.19.0/STM32CubeIDE/plugins/com.st.stm32cube.ide.mcu.externaltools.gnu-tools-for-stm32.14.3.rel1.win32_1.0.100.202602081740/tools/bin/../lib/gcc/arm-none-eabi/14.3.1/thumb/v6-m/nofp\libgcc.a(gedf2.o)
 .ARM.attributes
                0x0000083a       0x2c C:/ST/STM32CubeIDE_1.19.0/STM32CubeIDE/plugins/com.st.stm32cube.ide.mcu.externaltools.gnu-tools-for-stm32.14.3.rel1.win32_1.0.100.202602081740/tools/bin/../lib/gcc/arm-none-eabi/14.3.1/thumb/v6-m/nofp\libgcc.a(ledf2.o)
 .ARM.attributes
                0x00000866       0x2c C:/ST/STM32CubeIDE_1.19.0/STM32CubeIDE/plugins/com.st.stm32cube.ide.mcu.externaltools.gnu-tools-for-stm32.14.3.rel1.win32_1.0.100.202602081740/tools/bin/../lib/gcc/arm-none-eabi/14.3.1/thumb/v6-m/nofp\libgcc.a(extendsfdf2.o)
 .ARM.attributes
                0x00000892       0x2c C:/ST/STM32CubeIDE_1.19.0/STM32CubeIDE/plugins/com.st.stm32cube.ide.mcu.externaltools.gnu-tools-for-stm32.14.3.rel1.win32_1.0.100.202602081740/tools/bin/../lib/gcc/arm-none-eabi/14.3.1/thumb/v6-m/nofp\libgcc.a(truncdfsf2.o)
 .ARM.attributes
                0x000008be       0x1e C:/ST/STM32CubeIDE_1.19.0/STM32CubeIDE/plugins/com.st.stm32cube.ide.mcu.externaltools.gnu-tools-for-stm32.14.3.rel1.win32_1.0.100.202602081740/tools/bin/../lib/gcc/arm-none-eabi/14.3.1/thumb/v6-m/nofp\libgcc.a(_clzsi2.o)
 .ARM.attributes
                0x000008dc       0x1e C:/ST/STM32CubeIDE_1.19.0/STM32CubeIDE/plugins/com.st.stm32cube.ide.mcu.externaltools.gnu-tools-for-stm32.14.3.rel1.win32_1.0.100.202602081740/tools/bin/../lib/gcc/arm-none-eabi/14.3.1/thumb/v6-m/nofp/crtn.o
OUTPUT(MINICOM_RobstrideTester.elf elf32-littlearm)
LOAD linker stubs
LOAD C:/ST/STM32CubeIDE_1.19.0/STM32CubeIDE/plugins/com.st.stm32cube.ide.mcu.externaltools.gnu-tools-for-stm32.14.3.rel1.win32_1.0.100.202602081740/tools/bin/../lib/gcc/arm-none-eabi/14.3.1/../../../../arm-none-eabi/lib/thumb/v6-m/nofp\libc.a
LOAD C:/ST/STM32CubeIDE_1.19.0/STM32CubeIDE/plugins/com.st.stm32cube.ide.mcu.externaltools.gnu-tools-for-stm32.14.3.rel1.win32_1.0.100.202602081740/tools/bin/../lib/gcc/arm-none-eabi/14.3.1/../../../../arm-none-eabi/lib/thumb/v6-m/nofp\libm.a
LOAD C:/ST/STM32CubeIDE_1.19.0/STM32CubeIDE/plugins/com.st.stm32cube.ide.mcu.externaltools.gnu-tools-for-stm32.14.3.rel1.win32_1.0.100.202602081740/tools/bin/../lib/gcc/arm-none-eabi/14.3.1/thumb/v6-m/nofp\libgcc.a

.debug_info     0x00000000    0x17a4e
 .debug_info    0x00000000     0x25af ./Core/Src/main.o
 .debug_info    0x000025af     0x1d1b ./Core/Src/stm32c0xx_hal_msp.o
 .debug_info    0x000042ca     0x1071 ./Core/Src/stm32c0xx_it.o
 .debug_info    0x0000533b      0x373 ./Core/Src/system_stm32c0xx.o
 .debug_info    0x000056ae       0x30 ./Core/Startup/startup_stm32c092fbpx.o
 .debug_info    0x000056de      0x85c ./Drivers/STM32C0xx_HAL_Driver/Src/stm32c0xx_hal.o
 .debug_info    0x00005f3a      0x8a5 ./Drivers/STM32C0xx_HAL_Driver/Src/stm32c0xx_hal_cortex.o
 .debug_info    0x000067df      0x825 ./Drivers/STM32C0xx_HAL_Driver/Src/stm32c0xx_hal_dma.o
 .debug_info    0x00007004     0x185e ./Drivers/STM32C0xx_HAL_Driver/Src/stm32c0xx_hal_fdcan.o
 .debug_info    0x00008862      0x59f ./Drivers/STM32C0xx_HAL_Driver/Src/stm32c0xx_hal_gpio.o
 .debug_info    0x00008e01     0x21c4 ./Drivers/STM32C0xx_HAL_Driver/Src/stm32c0xx_hal_i2c.o
 .debug_info    0x0000afc5      0x9fd ./Drivers/STM32C0xx_HAL_Driver/Src/stm32c0xx_hal_i2c_ex.o
 .debug_info    0x0000b9c2      0x917 ./Drivers/STM32C0xx_HAL_Driver/Src/stm32c0xx_hal_rcc.o
 .debug_info    0x0000c2d9      0x55d ./Drivers/STM32C0xx_HAL_Driver/Src/stm32c0xx_hal_rcc_ex.o
 .debug_info    0x0000c836     0x1638 ./Drivers/STM32C0xx_HAL_Driver/Src/stm32c0xx_hal_spi.o
 .debug_info    0x0000de6e     0x2b86 ./Drivers/STM32C0xx_HAL_Driver/Src/stm32c0xx_hal_tim.o
 .debug_info    0x000109f4     0x1899 ./Drivers/STM32C0xx_HAL_Driver/Src/stm32c0xx_hal_tim_ex.o
 .debug_info    0x0001228d     0x4840 ./Drivers/STM32C0xx_HAL_Driver/Src/stm32c0xx_hal_uart.o
 .debug_info    0x00016acd      0xf81 ./Drivers/STM32C0xx_HAL_Driver/Src/stm32c0xx_hal_uart_ex.o

.debug_abbrev   0x00000000     0x2a7d
 .debug_abbrev  0x00000000      0x344 ./Core/Src/main.o
 .debug_abbrev  0x00000344      0x266 ./Core/Src/stm32c0xx_hal_msp.o
 .debug_abbrev  0x000005aa      0x1ac ./Core/Src/stm32c0xx_it.o
 .debug_abbrev  0x00000756      0x119 ./Core/Src/system_stm32c0xx.o
 .debug_abbrev  0x0000086f       0x24 ./Core/Startup/startup_stm32c092fbpx.o
 .debug_abbrev  0x00000893      0x2cb ./Drivers/STM32C0xx_HAL_Driver/Src/stm32c0xx_hal.o
 .debug_abbrev  0x00000b5e      0x2b7 ./Drivers/STM32C0xx_HAL_Driver/Src/stm32c0xx_hal_cortex.o
 .debug_abbrev  0x00000e15      0x226 ./Drivers/STM32C0xx_HAL_Driver/Src/stm32c0xx_hal_dma.o
 .debug_abbrev  0x0000103b      0x1ea ./Drivers/STM32C0xx_HAL_Driver/Src/stm32c0xx_hal_fdcan.o
 .debug_abbrev  0x00001225      0x1db ./Drivers/STM32C0xx_HAL_Driver/Src/stm32c0xx_hal_gpio.o
 .debug_abbrev  0x00001400      0x26e ./Drivers/STM32C0xx_HAL_Driver/Src/stm32c0xx_hal_i2c.o
 .debug_abbrev  0x0000166e      0x1df ./Drivers/STM32C0xx_HAL_Driver/Src/stm32c0xx_hal_i2c_ex.o
 .debug_abbrev  0x0000184d      0x28c ./Drivers/STM32C0xx_HAL_Driver/Src/stm32c0xx_hal_rcc.o
 .debug_abbrev  0x00001ad9      0x225 ./Drivers/STM32C0xx_HAL_Driver/Src/stm32c0xx_hal_rcc_ex.o
 .debug_abbrev  0x00001cfe      0x25c ./Drivers/STM32C0xx_HAL_Driver/Src/stm32c0xx_hal_spi.o
 .debug_abbrev  0x00001f5a      0x287 ./Drivers/STM32C0xx_HAL_Driver/Src/stm32c0xx_hal_tim.o
 .debug_abbrev  0x000021e1      0x2a7 ./Drivers/STM32C0xx_HAL_Driver/Src/stm32c0xx_hal_tim_ex.o
 .debug_abbrev  0x00002488      0x311 ./Drivers/STM32C0xx_HAL_Driver/Src/stm32c0xx_hal_uart.o
 .debug_abbrev  0x00002799      0x2e4 ./Drivers/STM32C0xx_HAL_Driver/Src/stm32c0xx_hal_uart_ex.o

.debug_aranges  0x00000000     0x14a0
 .debug_aranges
                0x00000000       0x90 ./Core/Src/main.o
 .debug_aranges
                0x00000090       0x70 ./Core/Src/stm32c0xx_hal_msp.o
 .debug_aranges
                0x00000100       0x60 ./Core/Src/stm32c0xx_it.o
 .debug_aranges
                0x00000160       0x28 ./Core/Src/system_stm32c0xx.o
 .debug_aranges
                0x00000188       0x28 ./Core/Startup/startup_stm32c092fbpx.o
 .debug_aranges
                0x000001b0      0x100 ./Drivers/STM32C0xx_HAL_Driver/Src/stm32c0xx_hal.o
 .debug_aranges
                0x000002b0       0xe8 ./Drivers/STM32C0xx_HAL_Driver/Src/stm32c0xx_hal_cortex.o
 .debug_aranges
                0x00000398       0x90 ./Drivers/STM32C0xx_HAL_Driver/Src/stm32c0xx_hal_dma.o
 .debug_aranges
                0x00000428      0x208 ./Drivers/STM32C0xx_HAL_Driver/Src/stm32c0xx_hal_fdcan.o
 .debug_aranges
                0x00000630       0x68 ./Drivers/STM32C0xx_HAL_Driver/Src/stm32c0xx_hal_gpio.o
 .debug_aranges
                0x00000698      0x2a0 ./Drivers/STM32C0xx_HAL_Driver/Src/stm32c0xx_hal_i2c.o
 .debug_aranges
                0x00000938       0x48 ./Drivers/STM32C0xx_HAL_Driver/Src/stm32c0xx_hal_i2c_ex.o
 .debug_aranges
                0x00000980       0xa0 ./Drivers/STM32C0xx_HAL_Driver/Src/stm32c0xx_hal_rcc.o
 .debug_aranges
                0x00000a20       0x40 ./Drivers/STM32C0xx_HAL_Driver/Src/stm32c0xx_hal_rcc_ex.o
 .debug_aranges
                0x00000a60      0x1d8 ./Drivers/STM32C0xx_HAL_Driver/Src/stm32c0xx_hal_spi.o
 .debug_aranges
                0x00000c38      0x3e0 ./Drivers/STM32C0xx_HAL_Driver/Src/stm32c0xx_hal_tim.o
 .debug_aranges
                0x00001018      0x198 ./Drivers/STM32C0xx_HAL_Driver/Src/stm32c0xx_hal_tim_ex.o
 .debug_aranges
                0x000011b0      0x248 ./Drivers/STM32C0xx_HAL_Driver/Src/stm32c0xx_hal_uart.o
 .debug_aranges
                0x000013f8       0xa8 ./Drivers/STM32C0xx_HAL_Driver/Src/stm32c0xx_hal_uart_ex.o

.debug_rnglists
                0x00000000     0x105a
 .debug_rnglists
                0x00000000       0x70 ./Core/Src/main.o
 .debug_rnglists
                0x00000070       0x53 ./Core/Src/stm32c0xx_hal_msp.o
 .debug_rnglists
                0x000000c3       0x43 ./Core/Src/stm32c0xx_it.o
 .debug_rnglists
                0x00000106       0x1a ./Core/Src/system_stm32c0xx.o
 .debug_rnglists
                0x00000120       0x19 ./Core/Startup/startup_stm32c092fbpx.o
 .debug_rnglists
                0x00000139       0xbc ./Drivers/STM32C0xx_HAL_Driver/Src/stm32c0xx_hal.o
 .debug_rnglists
                0x000001f5       0xaa ./Drivers/STM32C0xx_HAL_Driver/Src/stm32c0xx_hal_cortex.o
 .debug_rnglists
                0x0000029f       0x72 ./Drivers/STM32C0xx_HAL_Driver/Src/stm32c0xx_hal_dma.o
 .debug_rnglists
                0x00000311      0x18d ./Drivers/STM32C0xx_HAL_Driver/Src/stm32c0xx_hal_fdcan.o
 .debug_rnglists
                0x0000049e       0x4b ./Drivers/STM32C0xx_HAL_Driver/Src/stm32c0xx_hal_gpio.o
 .debug_rnglists
                0x000004e9      0x229 ./Drivers/STM32C0xx_HAL_Driver/Src/stm32c0xx_hal_i2c.o
 .debug_rnglists
                0x00000712       0x35 ./Drivers/STM32C0xx_HAL_Driver/Src/stm32c0xx_hal_i2c_ex.o
 .debug_rnglists
                0x00000747       0x78 ./Drivers/STM32C0xx_HAL_Driver/Src/stm32c0xx_hal_rcc.o
 .debug_rnglists
                0x000007bf       0x2e ./Drivers/STM32C0xx_HAL_Driver/Src/stm32c0xx_hal_rcc_ex.o
 .debug_rnglists
                0x000007ed      0x17a ./Drivers/STM32C0xx_HAL_Driver/Src/stm32c0xx_hal_spi.o
 .debug_rnglists
                0x00000967      0x32a ./Drivers/STM32C0xx_HAL_Driver/Src/stm32c0xx_hal_tim.o
 .debug_rnglists
                0x00000c91      0x14e ./Drivers/STM32C0xx_HAL_Driver/Src/stm32c0xx_hal_tim_ex.o
 .debug_rnglists
                0x00000ddf      0x1fb ./Drivers/STM32C0xx_HAL_Driver/Src/stm32c0xx_hal_uart.o
 .debug_rnglists
                0x00000fda       0x80 ./Drivers/STM32C0xx_HAL_Driver/Src/stm32c0xx_hal_uart_ex.o

.debug_macro    0x00000000    0x177b1
 .debug_macro   0x00000000      0x305 ./Core/Src/main.o
 .debug_macro   0x00000305      0xaae ./Core/Src/main.o
 .debug_macro   0x00000db3       0x2e ./Core/Src/main.o
 .debug_macro   0x00000de1       0x28 ./Core/Src/main.o
 .debug_macro   0x00000e09       0x22 ./Core/Src/main.o
 .debug_macro   0x00000e2b       0x8e ./Core/Src/main.o
 .debug_macro   0x00000eb9       0x51 ./Core/Src/main.o
 .debug_macro   0x00000f0a      0x103 ./Core/Src/main.o
 .debug_macro   0x0000100d       0x6a ./Core/Src/main.o
 .debug_macro   0x00001077      0x1df ./Core/Src/main.o
 .debug_macro   0x00001256       0x1c ./Core/Src/main.o
 .debug_macro   0x00001272       0x22 ./Core/Src/main.o
 .debug_macro   0x00001294       0xd1 ./Core/Src/main.o
 .debug_macro   0x00001365      0x4da ./Core/Src/main.o
 .debug_macro   0x0000183f      0x11f ./Core/Src/main.o
 .debug_macro   0x0000195e     0xab92 ./Core/Src/main.o
 .debug_macro   0x0000c4f0       0x6d ./Core/Src/main.o
 .debug_macro   0x0000c55d      0x1c8 ./Core/Src/main.o
 .debug_macro   0x0000c725       0xfb ./Core/Src/main.o
 .debug_macro   0x0000c820     0x3440 ./Core/Src/main.o
 .debug_macro   0x0000fc60      0x190 ./Core/Src/main.o
 .debug_macro   0x0000fdf0       0x5b ./Core/Src/main.o
 .debug_macro   0x0000fe4b      0x3f9 ./Core/Src/main.o
 .debug_macro   0x00010244      0xd8c ./Core/Src/main.o
 .debug_macro   0x00010fd0      0x176 ./Core/Src/main.o
 .debug_macro   0x00011146      0x15f ./Core/Src/main.o
 .debug_macro   0x000112a5      0x253 ./Core/Src/main.o
 .debug_macro   0x000114f8      0x352 ./Core/Src/main.o
 .debug_macro   0x0001184a      0x18b ./Core/Src/main.o
 .debug_macro   0x000119d5       0x43 ./Core/Src/main.o
 .debug_macro   0x00011a18      0x1f1 ./Core/Src/main.o
 .debug_macro   0x00011c09      0x1b1 ./Core/Src/main.o
 .debug_macro   0x00011dba      0x37c ./Core/Src/main.o
 .debug_macro   0x00012136       0x28 ./Core/Src/main.o
 .debug_macro   0x0001215e       0xb3 ./Core/Src/main.o
 .debug_macro   0x00012211      0x22c ./Core/Src/main.o
 .debug_macro   0x0001243d       0x67 ./Core/Src/main.o
 .debug_macro   0x000124a4       0xa5 ./Core/Src/main.o
 .debug_macro   0x00012549      0x11d ./Core/Src/main.o
 .debug_macro   0x00012666       0xf6 ./Core/Src/main.o
 .debug_macro   0x0001275c      0x305 ./Core/Src/main.o
 .debug_macro   0x00012a61      0xaa6 ./Core/Src/main.o
 .debug_macro   0x00013507      0x11b ./Core/Src/main.o
 .debug_macro   0x00013622      0x67e ./Core/Src/main.o
 .debug_macro   0x00013ca0       0xa6 ./Core/Src/main.o
 .debug_macro   0x00013d46      0x6bd ./Core/Src/main.o
 .debug_macro   0x00014403      0x464 ./Core/Src/main.o
 .debug_macro   0x00014867       0x10 ./Core/Src/main.o
 .debug_macro   0x00014877       0x22 ./Core/Src/main.o
 .debug_macro   0x00014899       0x24 ./Core/Src/main.o
 .debug_macro   0x000148bd       0x61 ./Core/Src/main.o
 .debug_macro   0x0001491e       0x43 ./Core/Src/main.o
 .debug_macro   0x00014961       0x34 ./Core/Src/main.o
 .debug_macro   0x00014995       0x16 ./Core/Src/main.o
 .debug_macro   0x000149ab       0x3c ./Core/Src/main.o
 .debug_macro   0x000149e7      0x364 ./Core/Src/main.o
 .debug_macro   0x00014d4b       0x16 ./Core/Src/main.o
 .debug_macro   0x00014d61       0x4a ./Core/Src/main.o
 .debug_macro   0x00014dab       0x34 ./Core/Src/main.o
 .debug_macro   0x00014ddf       0x10 ./Core/Src/main.o
 .debug_macro   0x00014def       0x58 ./Core/Src/main.o
 .debug_macro   0x00014e47       0x8e ./Core/Src/main.o
 .debug_macro   0x00014ed5       0x1c ./Core/Src/main.o
 .debug_macro   0x00014ef1      0x17e ./Core/Src/main.o
 .debug_macro   0x0001506f       0x16 ./Core/Src/main.o
 .debug_macro   0x00015085       0x29 ./Core/Src/main.o
 .debug_macro   0x000150ae      0x19b ./Core/Src/main.o
 .debug_macro   0x00015249      0x217 ./Core/Src/stm32c0xx_hal_msp.o
 .debug_macro   0x00015460      0x221 ./Core/Src/stm32c0xx_it.o
 .debug_macro   0x00015681      0x20e ./Core/Src/system_stm32c0xx.o
 .debug_macro   0x0001588f      0x226 ./Drivers/STM32C0xx_HAL_Driver/Src/stm32c0xx_hal.o
 .debug_macro   0x00015ab5      0x208 ./Drivers/STM32C0xx_HAL_Driver/Src/stm32c0xx_hal_cortex.o
 .debug_macro   0x00015cbd      0x208 ./Drivers/STM32C0xx_HAL_Driver/Src/stm32c0xx_hal_dma.o
 .debug_macro   0x00015ec5      0x31a ./Drivers/STM32C0xx_HAL_Driver/Src/stm32c0xx_hal_fdcan.o
 .debug_macro   0x000161df      0x23d ./Drivers/STM32C0xx_HAL_Driver/Src/stm32c0xx_hal_gpio.o
 .debug_macro   0x0001641c      0x2d4 ./Drivers/STM32C0xx_HAL_Driver/Src/stm32c0xx_hal_i2c.o
 .debug_macro   0x000166f0      0x208 ./Drivers/STM32C0xx_HAL_Driver/Src/stm32c0xx_hal_i2c_ex.o
 .debug_macro   0x000168f8      0x238 ./Drivers/STM32C0xx_HAL_Driver/Src/stm32c0xx_hal_rcc.o
 .debug_macro   0x00016b30      0x21a ./Drivers/STM32C0xx_HAL_Driver/Src/stm32c0xx_hal_rcc_ex.o
 .debug_macro   0x00016d4a      0x210 ./Drivers/STM32C0xx_HAL_Driver/Src/stm32c0xx_hal_spi.o
 .debug_macro   0x00016f5a      0x210 ./Drivers/STM32C0xx_HAL_Driver/Src/stm32c0xx_hal_tim.o
 .debug_macro   0x0001716a      0x20e ./Drivers/STM32C0xx_HAL_Driver/Src/stm32c0xx_hal_tim_ex.o
 .debug_macro   0x00017378      0x225 ./Drivers/STM32C0xx_HAL_Driver/Src/stm32c0xx_hal_uart.o
 .debug_macro   0x0001759d      0x214 ./Drivers/STM32C0xx_HAL_Driver/Src/stm32c0xx_hal_uart_ex.o

.debug_line     0x00000000    0x1908d
 .debug_line    0x00000000      0xf3a ./Core/Src/main.o
 .debug_line    0x00000f3a      0xa35 ./Core/Src/stm32c0xx_hal_msp.o
 .debug_line    0x0000196f      0x8b3 ./Core/Src/stm32c0xx_it.o
 .debug_line    0x00002222      0x853 ./Core/Src/system_stm32c0xx.o
 .debug_line    0x00002a75       0x7d ./Core/Startup/startup_stm32c092fbpx.o
 .debug_line    0x00002af2      0xb30 ./Drivers/STM32C0xx_HAL_Driver/Src/stm32c0xx_hal.o
 .debug_line    0x00003622      0xc48 ./Drivers/STM32C0xx_HAL_Driver/Src/stm32c0xx_hal_cortex.o
 .debug_line    0x0000426a      0xe35 ./Drivers/STM32C0xx_HAL_Driver/Src/stm32c0xx_hal_dma.o
 .debug_line    0x0000509f     0x1968 ./Drivers/STM32C0xx_HAL_Driver/Src/stm32c0xx_hal_fdcan.o
 .debug_line    0x00006a07      0xc45 ./Drivers/STM32C0xx_HAL_Driver/Src/stm32c0xx_hal_gpio.o
 .debug_line    0x0000764c     0x380c ./Drivers/STM32C0xx_HAL_Driver/Src/stm32c0xx_hal_i2c.o
 .debug_line    0x0000ae58      0x95c ./Drivers/STM32C0xx_HAL_Driver/Src/stm32c0xx_hal_i2c_ex.o
 .debug_line    0x0000b7b4      0xe63 ./Drivers/STM32C0xx_HAL_Driver/Src/stm32c0xx_hal_rcc.o
 .debug_line    0x0000c617      0xafa ./Drivers/STM32C0xx_HAL_Driver/Src/stm32c0xx_hal_rcc_ex.o
 .debug_line    0x0000d111     0x20e8 ./Drivers/STM32C0xx_HAL_Driver/Src/stm32c0xx_hal_spi.o
 .debug_line    0x0000f1f9     0x3d82 ./Drivers/STM32C0xx_HAL_Driver/Src/stm32c0xx_hal_tim.o
 .debug_line    0x00012f7b     0x1c5d ./Drivers/STM32C0xx_HAL_Driver/Src/stm32c0xx_hal_tim_ex.o
 .debug_line    0x00014bd8     0x36df ./Drivers/STM32C0xx_HAL_Driver/Src/stm32c0xx_hal_uart.o
 .debug_line    0x000182b7      0xdd6 ./Drivers/STM32C0xx_HAL_Driver/Src/stm32c0xx_hal_uart_ex.o

.debug_str      0x00000000    0x969f7
 .debug_str     0x00000000    0x969f7 ./Core/Src/main.o
                              0x9183b (size before relaxing)
 .debug_str     0x000969f7    0x8d8ab ./Core/Src/stm32c0xx_hal_msp.o
 .debug_str     0x000969f7    0x8d05a ./Core/Src/stm32c0xx_it.o
 .debug_str     0x000969f7    0x8c4b3 ./Core/Src/system_stm32c0xx.o
 .debug_str     0x000969f7       0x7d ./Core/Startup/startup_stm32c092fbpx.o
 .debug_str     0x000969f7    0x8cb0f ./Drivers/STM32C0xx_HAL_Driver/Src/stm32c0xx_hal.o
 .debug_str     0x000969f7    0x8c932 ./Drivers/STM32C0xx_HAL_Driver/Src/stm32c0xx_hal_cortex.o
 .debug_str     0x000969f7    0x8c92a ./Drivers/STM32C0xx_HAL_Driver/Src/stm32c0xx_hal_dma.o
 .debug_str     0x000969f7    0x8db33 ./Drivers/STM32C0xx_HAL_Driver/Src/stm32c0xx_hal_fdcan.o
 .debug_str     0x000969f7    0x8c6ab ./Drivers/STM32C0xx_HAL_Driver/Src/stm32c0xx_hal_gpio.o
 .debug_str     0x000969f7    0x8d86e ./Drivers/STM32C0xx_HAL_Driver/Src/stm32c0xx_hal_i2c.o
 .debug_str     0x000969f7    0x8cae4 ./Drivers/STM32C0xx_HAL_Driver/Src/stm32c0xx_hal_i2c_ex.o
 .debug_str     0x000969f7    0x8caaa ./Drivers/STM32C0xx_HAL_Driver/Src/stm32c0xx_hal_rcc.o
 .debug_str     0x000969f7    0x8c731 ./Drivers/STM32C0xx_HAL_Driver/Src/stm32c0xx_hal_rcc_ex.o
 .debug_str     0x000969f7    0x8ce96 ./Drivers/STM32C0xx_HAL_Driver/Src/stm32c0xx_hal_spi.o
 .debug_str     0x000969f7    0x8d9db ./Drivers/STM32C0xx_HAL_Driver/Src/stm32c0xx_hal_tim.o
 .debug_str     0x000969f7    0x8d369 ./Drivers/STM32C0xx_HAL_Driver/Src/stm32c0xx_hal_tim_ex.o
 .debug_str     0x000969f7    0x8d403 ./Drivers/STM32C0xx_HAL_Driver/Src/stm32c0xx_hal_uart.o
 .debug_str     0x000969f7    0x8cd2c ./Drivers/STM32C0xx_HAL_Driver/Src/stm32c0xx_hal_uart_ex.o

.comment        0x00000000       0x43
 .comment       0x00000000       0x43 ./Core/Src/main.o
                                 0x44 (size before relaxing)
 .comment       0x00000043       0x44 ./Core/Src/stm32c0xx_hal_msp.o
 .comment       0x00000043       0x44 ./Core/Src/stm32c0xx_it.o
 .comment       0x00000043       0x44 ./Core/Src/system_stm32c0xx.o
 .comment       0x00000043       0x44 ./Drivers/STM32C0xx_HAL_Driver/Src/stm32c0xx_hal.o
 .comment       0x00000043       0x44 ./Drivers/STM32C0xx_HAL_Driver/Src/stm32c0xx_hal_cortex.o
 .comment       0x00000043       0x44 ./Drivers/STM32C0xx_HAL_Driver/Src/stm32c0xx_hal_dma.o
 .comment       0x00000043       0x44 ./Drivers/STM32C0xx_HAL_Driver/Src/stm32c0xx_hal_fdcan.o
 .comment       0x00000043       0x44 ./Drivers/STM32C0xx_HAL_Driver/Src/stm32c0xx_hal_gpio.o
 .comment       0x00000043       0x44 ./Drivers/STM32C0xx_HAL_Driver/Src/stm32c0xx_hal_i2c.o
 .comment       0x00000043       0x44 ./Drivers/STM32C0xx_HAL_Driver/Src/stm32c0xx_hal_i2c_ex.o
 .comment       0x00000043       0x44 ./Drivers/STM32C0xx_HAL_Driver/Src/stm32c0xx_hal_rcc.o
 .comment       0x00000043       0x44 ./Drivers/STM32C0xx_HAL_Driver/Src/stm32c0xx_hal_rcc_ex.o
 .comment       0x00000043       0x44 ./Drivers/STM32C0xx_HAL_Driver/Src/stm32c0xx_hal_spi.o
 .comment       0x00000043       0x44 ./Drivers/STM32C0xx_HAL_Driver/Src/stm32c0xx_hal_tim.o
 .comment       0x00000043       0x44 ./Drivers/STM32C0xx_HAL_Driver/Src/stm32c0xx_hal_tim_ex.o
 .comment       0x00000043       0x44 ./Drivers/STM32C0xx_HAL_Driver/Src/stm32c0xx_hal_uart.o
 .comment       0x00000043       0x44 ./Drivers/STM32C0xx_HAL_Driver/Src/stm32c0xx_hal_uart_ex.o

.debug_frame    0x00000000     0x5160
 .debug_frame   0x00000000      0x1d8 ./Core/Src/main.o
 .debug_frame   0x000001d8      0x170 ./Core/Src/stm32c0xx_hal_msp.o
 .debug_frame   0x00000348      0x10c ./Core/Src/stm32c0xx_it.o
 .debug_frame   0x00000454       0x4c ./Core/Src/system_stm32c0xx.o
 .debug_frame   0x000004a0      0x368 ./Drivers/STM32C0xx_HAL_Driver/Src/stm32c0xx_hal.o
 .debug_frame   0x00000808      0x33c ./Drivers/STM32C0xx_HAL_Driver/Src/stm32c0xx_hal_cortex.o
 .debug_frame   0x00000b44      0x1f0 ./Drivers/STM32C0xx_HAL_Driver/Src/stm32c0xx_hal_dma.o
 .debug_frame   0x00000d34      0x7d0 ./Drivers/STM32C0xx_HAL_Driver/Src/stm32c0xx_hal_fdcan.o
 .debug_frame   0x00001504      0x150 ./Drivers/STM32C0xx_HAL_Driver/Src/stm32c0xx_hal_gpio.o
 .debug_frame   0x00001654      0xa68 ./Drivers/STM32C0xx_HAL_Driver/Src/stm32c0xx_hal_i2c.o
 .debug_frame   0x000020bc       0xd0 ./Drivers/STM32C0xx_HAL_Driver/Src/stm32c0xx_hal_i2c_ex.o
 .debug_frame   0x0000218c      0x214 ./Drivers/STM32C0xx_HAL_Driver/Src/stm32c0xx_hal_rcc.o
 .debug_frame   0x000023a0       0xac ./Drivers/STM32C0xx_HAL_Driver/Src/stm32c0xx_hal_rcc_ex.o
 .debug_frame   0x0000244c      0x710 ./Drivers/STM32C0xx_HAL_Driver/Src/stm32c0xx_hal_spi.o
 .debug_frame   0x00002b5c      0xf40 ./Drivers/STM32C0xx_HAL_Driver/Src/stm32c0xx_hal_tim.o
 .debug_frame   0x00003a9c      0x620 ./Drivers/STM32C0xx_HAL_Driver/Src/stm32c0xx_hal_tim_ex.o
 .debug_frame   0x000040bc      0x8d4 ./Drivers/STM32C0xx_HAL_Driver/Src/stm32c0xx_hal_uart.o
 .debug_frame   0x00004990      0x258 ./Drivers/STM32C0xx_HAL_Driver/Src/stm32c0xx_hal_uart_ex.o
 .debug_frame   0x00004be8       0x20 C:/ST/STM32CubeIDE_1.19.0/STM32CubeIDE/plugins/com.st.stm32cube.ide.mcu.externaltools.gnu-tools-for-stm32.14.3.rel1.win32_1.0.100.202602081740/tools/bin/../lib/gcc/arm-none-eabi/14.3.1/../../../../arm-none-eabi/lib/thumb/v6-m/nofp\libc_nano.a(libc_a-memset.o)
 .debug_frame   0x00004c08       0x2c C:/ST/STM32CubeIDE_1.19.0/STM32CubeIDE/plugins/com.st.stm32cube.ide.mcu.externaltools.gnu-tools-for-stm32.14.3.rel1.win32_1.0.100.202602081740/tools/bin/../lib/gcc/arm-none-eabi/14.3.1/../../../../arm-none-eabi/lib/thumb/v6-m/nofp\libc_nano.a(libc_a-init.o)
 .debug_frame   0x00004c34       0x2c C:/ST/STM32CubeIDE_1.19.0/STM32CubeIDE/plugins/com.st.stm32cube.ide.mcu.externaltools.gnu-tools-for-stm32.14.3.rel1.win32_1.0.100.202602081740/tools/bin/../lib/gcc/arm-none-eabi/14.3.1/../../../../arm-none-eabi/lib/thumb/v6-m/nofp\libm.a(libm_a-sf_sin.o)
 .debug_frame   0x00004c60       0x38 C:/ST/STM32CubeIDE_1.19.0/STM32CubeIDE/plugins/com.st.stm32cube.ide.mcu.externaltools.gnu-tools-for-stm32.14.3.rel1.win32_1.0.100.202602081740/tools/bin/../lib/gcc/arm-none-eabi/14.3.1/../../../../arm-none-eabi/lib/thumb/v6-m/nofp\libm.a(libm_a-s_floor.o)
 .debug_frame   0x00004c98       0x38 C:/ST/STM32CubeIDE_1.19.0/STM32CubeIDE/plugins/com.st.stm32cube.ide.mcu.externaltools.gnu-tools-for-stm32.14.3.rel1.win32_1.0.100.202602081740/tools/bin/../lib/gcc/arm-none-eabi/14.3.1/../../../../arm-none-eabi/lib/thumb/v6-m/nofp\libm.a(libm_a-kf_cos.o)
 .debug_frame   0x00004cd0       0x38 C:/ST/STM32CubeIDE_1.19.0/STM32CubeIDE/plugins/com.st.stm32cube.ide.mcu.externaltools.gnu-tools-for-stm32.14.3.rel1.win32_1.0.100.202602081740/tools/bin/../lib/gcc/arm-none-eabi/14.3.1/../../../../arm-none-eabi/lib/thumb/v6-m/nofp\libm.a(libm_a-kf_sin.o)
 .debug_frame   0x00004d08       0x3c C:/ST/STM32CubeIDE_1.19.0/STM32CubeIDE/plugins/com.st.stm32cube.ide.mcu.externaltools.gnu-tools-for-stm32.14.3.rel1.win32_1.0.100.202602081740/tools/bin/../lib/gcc/arm-none-eabi/14.3.1/../../../../arm-none-eabi/lib/thumb/v6-m/nofp\libm.a(libm_a-ef_rem_pio2.o)
 .debug_frame   0x00004d44       0x20 C:/ST/STM32CubeIDE_1.19.0/STM32CubeIDE/plugins/com.st.stm32cube.ide.mcu.externaltools.gnu-tools-for-stm32.14.3.rel1.win32_1.0.100.202602081740/tools/bin/../lib/gcc/arm-none-eabi/14.3.1/../../../../arm-none-eabi/lib/thumb/v6-m/nofp\libm.a(libm_a-sf_fabs.o)
 .debug_frame   0x00004d64       0x3c C:/ST/STM32CubeIDE_1.19.0/STM32CubeIDE/plugins/com.st.stm32cube.ide.mcu.externaltools.gnu-tools-for-stm32.14.3.rel1.win32_1.0.100.202602081740/tools/bin/../lib/gcc/arm-none-eabi/14.3.1/../../../../arm-none-eabi/lib/thumb/v6-m/nofp\libm.a(libm_a-kf_rem_pio2.o)
 .debug_frame   0x00004da0       0x2c C:/ST/STM32CubeIDE_1.19.0/STM32CubeIDE/plugins/com.st.stm32cube.ide.mcu.externaltools.gnu-tools-for-stm32.14.3.rel1.win32_1.0.100.202602081740/tools/bin/../lib/gcc/arm-none-eabi/14.3.1/../../../../arm-none-eabi/lib/thumb/v6-m/nofp\libm.a(libm_a-sf_scalbn.o)
 .debug_frame   0x00004dcc       0x34 C:/ST/STM32CubeIDE_1.19.0/STM32CubeIDE/plugins/com.st.stm32cube.ide.mcu.externaltools.gnu-tools-for-stm32.14.3.rel1.win32_1.0.100.202602081740/tools/bin/../lib/gcc/arm-none-eabi/14.3.1/../../../../arm-none-eabi/lib/thumb/v6-m/nofp\libm.a(libm_a-sf_floor.o)
 .debug_frame   0x00004e00       0x20 C:/ST/STM32CubeIDE_1.19.0/STM32CubeIDE/plugins/com.st.stm32cube.ide.mcu.externaltools.gnu-tools-for-stm32.14.3.rel1.win32_1.0.100.202602081740/tools/bin/../lib/gcc/arm-none-eabi/14.3.1/thumb/v6-m/nofp\libgcc.a(_udivsi3.o)
 .debug_frame   0x00004e20       0x20 C:/ST/STM32CubeIDE_1.19.0/STM32CubeIDE/plugins/com.st.stm32cube.ide.mcu.externaltools.gnu-tools-for-stm32.14.3.rel1.win32_1.0.100.202602081740/tools/bin/../lib/gcc/arm-none-eabi/14.3.1/thumb/v6-m/nofp\libgcc.a(_divsi3.o)
 .debug_frame   0x00004e40       0x28 C:/ST/STM32CubeIDE_1.19.0/STM32CubeIDE/plugins/com.st.stm32cube.ide.mcu.externaltools.gnu-tools-for-stm32.14.3.rel1.win32_1.0.100.202602081740/tools/bin/../lib/gcc/arm-none-eabi/14.3.1/thumb/v6-m/nofp\libgcc.a(_fixunssfsi.o)
 .debug_frame   0x00004e68       0x38 C:/ST/STM32CubeIDE_1.19.0/STM32CubeIDE/plugins/com.st.stm32cube.ide.mcu.externaltools.gnu-tools-for-stm32.14.3.rel1.win32_1.0.100.202602081740/tools/bin/../lib/gcc/arm-none-eabi/14.3.1/thumb/v6-m/nofp\libgcc.a(addsf3.o)
 .debug_frame   0x00004ea0       0x38 C:/ST/STM32CubeIDE_1.19.0/STM32CubeIDE/plugins/com.st.stm32cube.ide.mcu.externaltools.gnu-tools-for-stm32.14.3.rel1.win32_1.0.100.202602081740/tools/bin/../lib/gcc/arm-none-eabi/14.3.1/thumb/v6-m/nofp\libgcc.a(divsf3.o)
 .debug_frame   0x00004ed8       0x2c C:/ST/STM32CubeIDE_1.19.0/STM32CubeIDE/plugins/com.st.stm32cube.ide.mcu.externaltools.gnu-tools-for-stm32.14.3.rel1.win32_1.0.100.202602081740/tools/bin/../lib/gcc/arm-none-eabi/14.3.1/thumb/v6-m/nofp\libgcc.a(eqsf2.o)
 .debug_frame   0x00004f04       0x2c C:/ST/STM32CubeIDE_1.19.0/STM32CubeIDE/plugins/com.st.stm32cube.ide.mcu.externaltools.gnu-tools-for-stm32.14.3.rel1.win32_1.0.100.202602081740/tools/bin/../lib/gcc/arm-none-eabi/14.3.1/thumb/v6-m/nofp\libgcc.a(gesf2.o)
 .debug_frame   0x00004f30       0x2c C:/ST/STM32CubeIDE_1.19.0/STM32CubeIDE/plugins/com.st.stm32cube.ide.mcu.externaltools.gnu-tools-for-stm32.14.3.rel1.win32_1.0.100.202602081740/tools/bin/../lib/gcc/arm-none-eabi/14.3.1/thumb/v6-m/nofp\libgcc.a(lesf2.o)
 .debug_frame   0x00004f5c       0x38 C:/ST/STM32CubeIDE_1.19.0/STM32CubeIDE/plugins/com.st.stm32cube.ide.mcu.externaltools.gnu-tools-for-stm32.14.3.rel1.win32_1.0.100.202602081740/tools/bin/../lib/gcc/arm-none-eabi/14.3.1/thumb/v6-m/nofp\libgcc.a(mulsf3.o)
 .debug_frame   0x00004f94       0x38 C:/ST/STM32CubeIDE_1.19.0/STM32CubeIDE/plugins/com.st.stm32cube.ide.mcu.externaltools.gnu-tools-for-stm32.14.3.rel1.win32_1.0.100.202602081740/tools/bin/../lib/gcc/arm-none-eabi/14.3.1/thumb/v6-m/nofp\libgcc.a(subsf3.o)
 .debug_frame   0x00004fcc       0x20 C:/ST/STM32CubeIDE_1.19.0/STM32CubeIDE/plugins/com.st.stm32cube.ide.mcu.externaltools.gnu-tools-for-stm32.14.3.rel1.win32_1.0.100.202602081740/tools/bin/../lib/gcc/arm-none-eabi/14.3.1/thumb/v6-m/nofp\libgcc.a(fixsfsi.o)
 .debug_frame   0x00004fec       0x2c C:/ST/STM32CubeIDE_1.19.0/STM32CubeIDE/plugins/com.st.stm32cube.ide.mcu.externaltools.gnu-tools-for-stm32.14.3.rel1.win32_1.0.100.202602081740/tools/bin/../lib/gcc/arm-none-eabi/14.3.1/thumb/v6-m/nofp\libgcc.a(floatsisf.o)
 .debug_frame   0x00005018       0x3c C:/ST/STM32CubeIDE_1.19.0/STM32CubeIDE/plugins/com.st.stm32cube.ide.mcu.externaltools.gnu-tools-for-stm32.14.3.rel1.win32_1.0.100.202602081740/tools/bin/../lib/gcc/arm-none-eabi/14.3.1/thumb/v6-m/nofp\libgcc.a(adddf3.o)
 .debug_frame   0x00005054       0x38 C:/ST/STM32CubeIDE_1.19.0/STM32CubeIDE/plugins/com.st.stm32cube.ide.mcu.externaltools.gnu-tools-for-stm32.14.3.rel1.win32_1.0.100.202602081740/tools/bin/../lib/gcc/arm-none-eabi/14.3.1/thumb/v6-m/nofp\libgcc.a(eqdf2.o)
 .debug_frame   0x0000508c       0x3c C:/ST/STM32CubeIDE_1.19.0/STM32CubeIDE/plugins/com.st.stm32cube.ide.mcu.externaltools.gnu-tools-for-stm32.14.3.rel1.win32_1.0.100.202602081740/tools/bin/../lib/gcc/arm-none-eabi/14.3.1/thumb/v6-m/nofp\libgcc.a(gedf2.o)
 .debug_frame   0x000050c8       0x3c C:/ST/STM32CubeIDE_1.19.0/STM32CubeIDE/plugins/com.st.stm32cube.ide.mcu.externaltools.gnu-tools-for-stm32.14.3.rel1.win32_1.0.100.202602081740/tools/bin/../lib/gcc/arm-none-eabi/14.3.1/thumb/v6-m/nofp\libgcc.a(ledf2.o)
 .debug_frame   0x00005104       0x2c C:/ST/STM32CubeIDE_1.19.0/STM32CubeIDE/plugins/com.st.stm32cube.ide.mcu.externaltools.gnu-tools-for-stm32.14.3.rel1.win32_1.0.100.202602081740/tools/bin/../lib/gcc/arm-none-eabi/14.3.1/thumb/v6-m/nofp\libgcc.a(extendsfdf2.o)
 .debug_frame   0x00005130       0x30 C:/ST/STM32CubeIDE_1.19.0/STM32CubeIDE/plugins/com.st.stm32cube.ide.mcu.externaltools.gnu-tools-for-stm32.14.3.rel1.win32_1.0.100.202602081740/tools/bin/../lib/gcc/arm-none-eabi/14.3.1/thumb/v6-m/nofp\libgcc.a(truncdfsf2.o)

.debug_line_str
                0x00000000       0x61
 .debug_line_str
                0x00000000       0x61 ./Core/Startup/startup_stm32c092fbpx.o